Archive member included because of file (symbol)

C:\Users\youngben\Documents\cariomart_car\SoftConsole\smartfusionmss_MSS_CM3_0\smartfusionmss_MSS_CM3_0_hw_platform\Debug\libsmartfusionmss_MSS_CM3_0_hw_platform.a(mss_uart.o)
                              C:/Users/youngben/Documents/cariomart_car/SoftConsole/smartfusionmss_MSS_CM3_0/smartfusionmss_MSS_CM3_0_hw_platform/Debug/CMSIS/startup_gcc/newlib_stubs.o (g_mss_uart0)
C:\Users\youngben\Documents\cariomart_car\SoftConsole\smartfusionmss_MSS_CM3_0\smartfusionmss_MSS_CM3_0_hw_platform\Debug\libsmartfusionmss_MSS_CM3_0_hw_platform.a(system_a2fxxxm3.o)
                              C:\Users\youngben\Documents\cariomart_car\SoftConsole\smartfusionmss_MSS_CM3_0\smartfusionmss_MSS_CM3_0_hw_platform\Debug\libsmartfusionmss_MSS_CM3_0_hw_platform.a(mss_uart.o) (g_FrequencyPCLK0)
c:/microsemi/softconsole v3.3/sourcery-g++/bin/../lib/gcc/arm-none-eabi/4.4.1/../../../../arm-none-eabi/lib/thumb2\libc.a(lib_a-errno.o)
                              C:/Users/youngben/Documents/cariomart_car/SoftConsole/smartfusionmss_MSS_CM3_0/smartfusionmss_MSS_CM3_0_hw_platform/Debug/CMSIS/startup_gcc/newlib_stubs.o (__errno)
c:/microsemi/softconsole v3.3/sourcery-g++/bin/../lib/gcc/arm-none-eabi/4.4.1/../../../../arm-none-eabi/lib/thumb2\libc.a(lib_a-impure.o)
                              c:/microsemi/softconsole v3.3/sourcery-g++/bin/../lib/gcc/arm-none-eabi/4.4.1/../../../../arm-none-eabi/lib/thumb2\libc.a(lib_a-errno.o) (_impure_ptr)
c:/microsemi/softconsole v3.3/sourcery-g++/bin/../lib/gcc/arm-none-eabi/4.4.1/../../../../arm-none-eabi/lib/thumb2\libc.a(lib_a-init.o)
                              C:/Users/youngben/Documents/cariomart_car/SoftConsole/smartfusionmss_MSS_CM3_0/smartfusionmss_MSS_CM3_0_hw_platform/Debug/CMSIS/startup_gcc/startup_a2fxxxm3.o (__libc_init_array)
c:/microsemi/softconsole v3.3/sourcery-g++/bin/../lib/gcc/arm-none-eabi/4.4.1/../../../../arm-none-eabi/lib/thumb2\libc.a(lib_a-puts.o)
                              ./xbee.o (puts)
c:/microsemi/softconsole v3.3/sourcery-g++/bin/../lib/gcc/arm-none-eabi/4.4.1/../../../../arm-none-eabi/lib/thumb2\libc.a(lib_a-strlen.o)
                              c:/microsemi/softconsole v3.3/sourcery-g++/bin/../lib/gcc/arm-none-eabi/4.4.1/../../../../arm-none-eabi/lib/thumb2\libc.a(lib_a-puts.o) (strlen)
c:/microsemi/softconsole v3.3/sourcery-g++/bin/../lib/gcc/arm-none-eabi/4.4.1/../../../../arm-none-eabi/lib/thumb2\libc.a(lib_a-findfp.o)
                              c:/microsemi/softconsole v3.3/sourcery-g++/bin/../lib/gcc/arm-none-eabi/4.4.1/../../../../arm-none-eabi/lib/thumb2\libc.a(lib_a-puts.o) (__sinit)
c:/microsemi/softconsole v3.3/sourcery-g++/bin/../lib/gcc/arm-none-eabi/4.4.1/../../../../arm-none-eabi/lib/thumb2\libc.a(lib_a-fvwrite.o)
                              c:/microsemi/softconsole v3.3/sourcery-g++/bin/../lib/gcc/arm-none-eabi/4.4.1/../../../../arm-none-eabi/lib/thumb2\libc.a(lib_a-puts.o) (__sfvwrite_r)
c:/microsemi/softconsole v3.3/sourcery-g++/bin/../lib/gcc/arm-none-eabi/4.4.1/../../../../arm-none-eabi/lib/thumb2\libc.a(lib_a-fwalk.o)
                              c:/microsemi/softconsole v3.3/sourcery-g++/bin/../lib/gcc/arm-none-eabi/4.4.1/../../../../arm-none-eabi/lib/thumb2\libc.a(lib_a-findfp.o) (_fwalk)
c:/microsemi/softconsole v3.3/sourcery-g++/bin/../lib/gcc/arm-none-eabi/4.4.1/../../../../arm-none-eabi/lib/thumb2\libc.a(lib_a-mallocr.o)
                              c:/microsemi/softconsole v3.3/sourcery-g++/bin/../lib/gcc/arm-none-eabi/4.4.1/../../../../arm-none-eabi/lib/thumb2\libc.a(lib_a-findfp.o) (_malloc_r)
c:/microsemi/softconsole v3.3/sourcery-g++/bin/../lib/gcc/arm-none-eabi/4.4.1/../../../../arm-none-eabi/lib/thumb2\libc.a(lib_a-memchr.o)
                              c:/microsemi/softconsole v3.3/sourcery-g++/bin/../lib/gcc/arm-none-eabi/4.4.1/../../../../arm-none-eabi/lib/thumb2\libc.a(lib_a-fvwrite.o) (memchr)
c:/microsemi/softconsole v3.3/sourcery-g++/bin/../lib/gcc/arm-none-eabi/4.4.1/../../../../arm-none-eabi/lib/thumb2\libc.a(lib_a-memcpy.o)
                              c:/microsemi/softconsole v3.3/sourcery-g++/bin/../lib/gcc/arm-none-eabi/4.4.1/../../../../arm-none-eabi/lib/thumb2\libc.a(lib_a-fvwrite.o) (memcpy)
c:/microsemi/softconsole v3.3/sourcery-g++/bin/../lib/gcc/arm-none-eabi/4.4.1/../../../../arm-none-eabi/lib/thumb2\libc.a(lib_a-memmove.o)
                              c:/microsemi/softconsole v3.3/sourcery-g++/bin/../lib/gcc/arm-none-eabi/4.4.1/../../../../arm-none-eabi/lib/thumb2\libc.a(lib_a-fvwrite.o) (memmove)
c:/microsemi/softconsole v3.3/sourcery-g++/bin/../lib/gcc/arm-none-eabi/4.4.1/../../../../arm-none-eabi/lib/thumb2\libc.a(lib_a-memset.o)
                              c:/microsemi/softconsole v3.3/sourcery-g++/bin/../lib/gcc/arm-none-eabi/4.4.1/../../../../arm-none-eabi/lib/thumb2\libc.a(lib_a-findfp.o) (memset)
c:/microsemi/softconsole v3.3/sourcery-g++/bin/../lib/gcc/arm-none-eabi/4.4.1/../../../../arm-none-eabi/lib/thumb2\libc.a(lib_a-mlock.o)
                              c:/microsemi/softconsole v3.3/sourcery-g++/bin/../lib/gcc/arm-none-eabi/4.4.1/../../../../arm-none-eabi/lib/thumb2\libc.a(lib_a-mallocr.o) (__malloc_lock)
c:/microsemi/softconsole v3.3/sourcery-g++/bin/../lib/gcc/arm-none-eabi/4.4.1/../../../../arm-none-eabi/lib/thumb2\libc.a(lib_a-reallocr.o)
                              c:/microsemi/softconsole v3.3/sourcery-g++/bin/../lib/gcc/arm-none-eabi/4.4.1/../../../../arm-none-eabi/lib/thumb2\libc.a(lib_a-fvwrite.o) (_realloc_r)
c:/microsemi/softconsole v3.3/sourcery-g++/bin/../lib/gcc/arm-none-eabi/4.4.1/../../../../arm-none-eabi/lib/thumb2\libc.a(lib_a-sbrkr.o)
                              c:/microsemi/softconsole v3.3/sourcery-g++/bin/../lib/gcc/arm-none-eabi/4.4.1/../../../../arm-none-eabi/lib/thumb2\libc.a(lib_a-mallocr.o) (_sbrk_r)
c:/microsemi/softconsole v3.3/sourcery-g++/bin/../lib/gcc/arm-none-eabi/4.4.1/../../../../arm-none-eabi/lib/thumb2\libc.a(lib_a-stdio.o)
                              c:/microsemi/softconsole v3.3/sourcery-g++/bin/../lib/gcc/arm-none-eabi/4.4.1/../../../../arm-none-eabi/lib/thumb2\libc.a(lib_a-findfp.o) (__sclose)
c:/microsemi/softconsole v3.3/sourcery-g++/bin/../lib/gcc/arm-none-eabi/4.4.1/../../../../arm-none-eabi/lib/thumb2\libc.a(lib_a-wsetup.o)
                              c:/microsemi/softconsole v3.3/sourcery-g++/bin/../lib/gcc/arm-none-eabi/4.4.1/../../../../arm-none-eabi/lib/thumb2\libc.a(lib_a-fvwrite.o) (__swsetup_r)
c:/microsemi/softconsole v3.3/sourcery-g++/bin/../lib/gcc/arm-none-eabi/4.4.1/../../../../arm-none-eabi/lib/thumb2\libc.a(lib_a-closer.o)
                              c:/microsemi/softconsole v3.3/sourcery-g++/bin/../lib/gcc/arm-none-eabi/4.4.1/../../../../arm-none-eabi/lib/thumb2\libc.a(lib_a-stdio.o) (_close_r)
c:/microsemi/softconsole v3.3/sourcery-g++/bin/../lib/gcc/arm-none-eabi/4.4.1/../../../../arm-none-eabi/lib/thumb2\libc.a(lib_a-fclose.o)
                              c:/microsemi/softconsole v3.3/sourcery-g++/bin/../lib/gcc/arm-none-eabi/4.4.1/../../../../arm-none-eabi/lib/thumb2\libc.a(lib_a-findfp.o) (fclose)
c:/microsemi/softconsole v3.3/sourcery-g++/bin/../lib/gcc/arm-none-eabi/4.4.1/../../../../arm-none-eabi/lib/thumb2\libc.a(lib_a-fflush.o)
                              c:/microsemi/softconsole v3.3/sourcery-g++/bin/../lib/gcc/arm-none-eabi/4.4.1/../../../../arm-none-eabi/lib/thumb2\libc.a(lib_a-fvwrite.o) (_fflush_r)
c:/microsemi/softconsole v3.3/sourcery-g++/bin/../lib/gcc/arm-none-eabi/4.4.1/../../../../arm-none-eabi/lib/thumb2\libc.a(lib_a-freer.o)
                              c:/microsemi/softconsole v3.3/sourcery-g++/bin/../lib/gcc/arm-none-eabi/4.4.1/../../../../arm-none-eabi/lib/thumb2\libc.a(lib_a-fvwrite.o) (_free_r)
c:/microsemi/softconsole v3.3/sourcery-g++/bin/../lib/gcc/arm-none-eabi/4.4.1/../../../../arm-none-eabi/lib/thumb2\libc.a(lib_a-lseekr.o)
                              c:/microsemi/softconsole v3.3/sourcery-g++/bin/../lib/gcc/arm-none-eabi/4.4.1/../../../../arm-none-eabi/lib/thumb2\libc.a(lib_a-stdio.o) (_lseek_r)
c:/microsemi/softconsole v3.3/sourcery-g++/bin/../lib/gcc/arm-none-eabi/4.4.1/../../../../arm-none-eabi/lib/thumb2\libc.a(lib_a-makebuf.o)
                              c:/microsemi/softconsole v3.3/sourcery-g++/bin/../lib/gcc/arm-none-eabi/4.4.1/../../../../arm-none-eabi/lib/thumb2\libc.a(lib_a-wsetup.o) (__smakebuf_r)
c:/microsemi/softconsole v3.3/sourcery-g++/bin/../lib/gcc/arm-none-eabi/4.4.1/../../../../arm-none-eabi/lib/thumb2\libc.a(lib_a-readr.o)
                              c:/microsemi/softconsole v3.3/sourcery-g++/bin/../lib/gcc/arm-none-eabi/4.4.1/../../../../arm-none-eabi/lib/thumb2\libc.a(lib_a-stdio.o) (_read_r)
c:/microsemi/softconsole v3.3/sourcery-g++/bin/../lib/gcc/arm-none-eabi/4.4.1/../../../../arm-none-eabi/lib/thumb2\libc.a(lib_a-reent.o)
                              c:/microsemi/softconsole v3.3/sourcery-g++/bin/../lib/gcc/arm-none-eabi/4.4.1/../../../../arm-none-eabi/lib/thumb2\libc.a(lib_a-sbrkr.o) (errno)
c:/microsemi/softconsole v3.3/sourcery-g++/bin/../lib/gcc/arm-none-eabi/4.4.1/../../../../arm-none-eabi/lib/thumb2\libc.a(lib_a-fstatr.o)
                              c:/microsemi/softconsole v3.3/sourcery-g++/bin/../lib/gcc/arm-none-eabi/4.4.1/../../../../arm-none-eabi/lib/thumb2\libc.a(lib_a-makebuf.o) (_fstat_r)
c:/microsemi/softconsole v3.3/sourcery-g++/bin/../lib/gcc/arm-none-eabi/4.4.1/../../../../arm-none-eabi/lib/thumb2\libc.a(lib_a-isattyr.o)
                              c:/microsemi/softconsole v3.3/sourcery-g++/bin/../lib/gcc/arm-none-eabi/4.4.1/../../../../arm-none-eabi/lib/thumb2\libc.a(lib_a-makebuf.o) (_isatty_r)

Allocating common symbols
Common symbol       size              file

errno               0x4               c:/microsemi/softconsole v3.3/sourcery-g++/bin/../lib/gcc/arm-none-eabi/4.4.1/../../../../arm-none-eabi/lib/thumb2\libc.a(lib_a-reent.o)
recieved_data       0x14              ./main.o
turn_direction      0x4               ./main.o
g_mss_uart1         0x28              C:\Users\youngben\Documents\cariomart_car\SoftConsole\smartfusionmss_MSS_CM3_0\smartfusionmss_MSS_CM3_0_hw_platform\Debug\libsmartfusionmss_MSS_CM3_0_hw_platform.a(mss_uart.o)
g_mss_uart0         0x28              C:\Users\youngben\Documents\cariomart_car\SoftConsole\smartfusionmss_MSS_CM3_0\smartfusionmss_MSS_CM3_0_hw_platform\Debug\libsmartfusionmss_MSS_CM3_0_hw_platform.a(mss_uart.o)
gas_button          0x1               ./main.o

Discarded input sections

 .text          0x00000000        0x0 c:/microsemi/softconsole v3.3/sourcery-g++/bin/../lib/gcc/arm-none-eabi/4.4.1/thumb2/crti.o
 .data          0x00000000        0x0 c:/microsemi/softconsole v3.3/sourcery-g++/bin/../lib/gcc/arm-none-eabi/4.4.1/thumb2/crti.o
 .bss           0x00000000        0x0 c:/microsemi/softconsole v3.3/sourcery-g++/bin/../lib/gcc/arm-none-eabi/4.4.1/thumb2/crti.o
 .data          0x00000000        0x4 c:/microsemi/softconsole v3.3/sourcery-g++/bin/../lib/gcc/arm-none-eabi/4.4.1/thumb2/crtbegin.o
 .text          0x00000000        0x0 ./CarControl.o
 .data          0x00000000        0x0 ./CarControl.o
 .bss           0x00000000        0x0 ./CarControl.o
 .text          0x00000000        0x0 ./main.o
 .data          0x00000000        0x0 ./main.o
 .bss           0x00000000        0x0 ./main.o
 COMMON         0x00000000       0x19 ./main.o
 .text          0x00000000        0x0 ./xbee.o
 .data          0x00000000        0x0 ./xbee.o
 .bss           0x00000000        0x0 ./xbee.o
 .text          0x00000000        0x0 C:/Users/youngben/Documents/cariomart_car/SoftConsole/smartfusionmss_MSS_CM3_0/smartfusionmss_MSS_CM3_0_hw_platform/Debug/CMSIS/startup_gcc/startup_a2fxxxm3.o
 .data          0x00000000        0x0 C:/Users/youngben/Documents/cariomart_car/SoftConsole/smartfusionmss_MSS_CM3_0/smartfusionmss_MSS_CM3_0_hw_platform/Debug/CMSIS/startup_gcc/startup_a2fxxxm3.o
 .bss           0x00000000        0x0 C:/Users/youngben/Documents/cariomart_car/SoftConsole/smartfusionmss_MSS_CM3_0/smartfusionmss_MSS_CM3_0_hw_platform/Debug/CMSIS/startup_gcc/startup_a2fxxxm3.o
 .text          0x00000000        0x0 C:/Users/youngben/Documents/cariomart_car/SoftConsole/smartfusionmss_MSS_CM3_0/smartfusionmss_MSS_CM3_0_hw_platform/Debug/CMSIS/startup_gcc/newlib_stubs.o
 .data          0x00000000        0x0 C:/Users/youngben/Documents/cariomart_car/SoftConsole/smartfusionmss_MSS_CM3_0/smartfusionmss_MSS_CM3_0_hw_platform/Debug/CMSIS/startup_gcc/newlib_stubs.o
 .bss           0x00000000        0x0 C:/Users/youngben/Documents/cariomart_car/SoftConsole/smartfusionmss_MSS_CM3_0/smartfusionmss_MSS_CM3_0_hw_platform/Debug/CMSIS/startup_gcc/newlib_stubs.o
 .bss.__env     0x00000000        0x4 C:/Users/youngben/Documents/cariomart_car/SoftConsole/smartfusionmss_MSS_CM3_0/smartfusionmss_MSS_CM3_0_hw_platform/Debug/CMSIS/startup_gcc/newlib_stubs.o
 .data.environ  0x00000000        0x4 C:/Users/youngben/Documents/cariomart_car/SoftConsole/smartfusionmss_MSS_CM3_0/smartfusionmss_MSS_CM3_0_hw_platform/Debug/CMSIS/startup_gcc/newlib_stubs.o
 .text._execve  0x00000000       0x28 C:/Users/youngben/Documents/cariomart_car/SoftConsole/smartfusionmss_MSS_CM3_0/smartfusionmss_MSS_CM3_0_hw_platform/Debug/CMSIS/startup_gcc/newlib_stubs.o
 .text._fork    0x00000000       0x18 C:/Users/youngben/Documents/cariomart_car/SoftConsole/smartfusionmss_MSS_CM3_0/smartfusionmss_MSS_CM3_0_hw_platform/Debug/CMSIS/startup_gcc/newlib_stubs.o
 .text._getpid  0x00000000       0x10 C:/Users/youngben/Documents/cariomart_car/SoftConsole/smartfusionmss_MSS_CM3_0/smartfusionmss_MSS_CM3_0_hw_platform/Debug/CMSIS/startup_gcc/newlib_stubs.o
 .text._kill    0x00000000       0x24 C:/Users/youngben/Documents/cariomart_car/SoftConsole/smartfusionmss_MSS_CM3_0/smartfusionmss_MSS_CM3_0_hw_platform/Debug/CMSIS/startup_gcc/newlib_stubs.o
 .text._link    0x00000000       0x24 C:/Users/youngben/Documents/cariomart_car/SoftConsole/smartfusionmss_MSS_CM3_0/smartfusionmss_MSS_CM3_0_hw_platform/Debug/CMSIS/startup_gcc/newlib_stubs.o
 .text._open    0x00000000       0x1c C:/Users/youngben/Documents/cariomart_car/SoftConsole/smartfusionmss_MSS_CM3_0/smartfusionmss_MSS_CM3_0_hw_platform/Debug/CMSIS/startup_gcc/newlib_stubs.o
 .text._stat    0x00000000       0x24 C:/Users/youngben/Documents/cariomart_car/SoftConsole/smartfusionmss_MSS_CM3_0/smartfusionmss_MSS_CM3_0_hw_platform/Debug/CMSIS/startup_gcc/newlib_stubs.o
 .text._times   0x00000000       0x18 C:/Users/youngben/Documents/cariomart_car/SoftConsole/smartfusionmss_MSS_CM3_0/smartfusionmss_MSS_CM3_0_hw_platform/Debug/CMSIS/startup_gcc/newlib_stubs.o
 .text._unlink  0x00000000       0x24 C:/Users/youngben/Documents/cariomart_car/SoftConsole/smartfusionmss_MSS_CM3_0/smartfusionmss_MSS_CM3_0_hw_platform/Debug/CMSIS/startup_gcc/newlib_stubs.o
 .text._wait    0x00000000       0x24 C:/Users/youngben/Documents/cariomart_car/SoftConsole/smartfusionmss_MSS_CM3_0/smartfusionmss_MSS_CM3_0_hw_platform/Debug/CMSIS/startup_gcc/newlib_stubs.o
 .text          0x00000000        0x0 C:\Users\youngben\Documents\cariomart_car\SoftConsole\smartfusionmss_MSS_CM3_0\smartfusionmss_MSS_CM3_0_hw_platform\Debug\libsmartfusionmss_MSS_CM3_0_hw_platform.a(mss_uart.o)
 .data          0x00000000        0x0 C:\Users\youngben\Documents\cariomart_car\SoftConsole\smartfusionmss_MSS_CM3_0\smartfusionmss_MSS_CM3_0_hw_platform\Debug\libsmartfusionmss_MSS_CM3_0_hw_platform.a(mss_uart.o)
 .bss           0x00000000        0x0 C:\Users\youngben\Documents\cariomart_car\SoftConsole\smartfusionmss_MSS_CM3_0\smartfusionmss_MSS_CM3_0_hw_platform\Debug\libsmartfusionmss_MSS_CM3_0_hw_platform.a(mss_uart.o)
 .text.NVIC_DisableIRQ
                0x00000000       0x3c C:\Users\youngben\Documents\cariomart_car\SoftConsole\smartfusionmss_MSS_CM3_0\smartfusionmss_MSS_CM3_0_hw_platform\Debug\libsmartfusionmss_MSS_CM3_0_hw_platform.a(mss_uart.o)
 .text.MSS_UART_polled_tx_string
                0x00000000       0xd0 C:\Users\youngben\Documents\cariomart_car\SoftConsole\smartfusionmss_MSS_CM3_0\smartfusionmss_MSS_CM3_0_hw_platform\Debug\libsmartfusionmss_MSS_CM3_0_hw_platform.a(mss_uart.o)
 .text.MSS_UART_irq_tx
                0x00000000       0xb0 C:\Users\youngben\Documents\cariomart_car\SoftConsole\smartfusionmss_MSS_CM3_0\smartfusionmss_MSS_CM3_0_hw_platform\Debug\libsmartfusionmss_MSS_CM3_0_hw_platform.a(mss_uart.o)
 .text.MSS_UART_tx_complete
                0x00000000       0x90 C:\Users\youngben\Documents\cariomart_car\SoftConsole\smartfusionmss_MSS_CM3_0\smartfusionmss_MSS_CM3_0_hw_platform\Debug\libsmartfusionmss_MSS_CM3_0_hw_platform.a(mss_uart.o)
 .text.MSS_UART_enable_irq
                0x00000000       0x7c C:\Users\youngben\Documents\cariomart_car\SoftConsole\smartfusionmss_MSS_CM3_0\smartfusionmss_MSS_CM3_0_hw_platform\Debug\libsmartfusionmss_MSS_CM3_0_hw_platform.a(mss_uart.o)
 .text.MSS_UART_disable_irq
                0x00000000       0x88 C:\Users\youngben\Documents\cariomart_car\SoftConsole\smartfusionmss_MSS_CM3_0\smartfusionmss_MSS_CM3_0_hw_platform\Debug\libsmartfusionmss_MSS_CM3_0_hw_platform.a(mss_uart.o)
 .text.MSS_UART_set_loopback
                0x00000000       0x70 C:\Users\youngben\Documents\cariomart_car\SoftConsole\smartfusionmss_MSS_CM3_0\smartfusionmss_MSS_CM3_0_hw_platform\Debug\libsmartfusionmss_MSS_CM3_0_hw_platform.a(mss_uart.o)
 .text.MSS_UART_set_rxstatus_handler
                0x00000000       0x84 C:\Users\youngben\Documents\cariomart_car\SoftConsole\smartfusionmss_MSS_CM3_0\smartfusionmss_MSS_CM3_0_hw_platform\Debug\libsmartfusionmss_MSS_CM3_0_hw_platform.a(mss_uart.o)
 .text.MSS_UART_set_tx_handler
                0x00000000       0x94 C:\Users\youngben\Documents\cariomart_car\SoftConsole\smartfusionmss_MSS_CM3_0\smartfusionmss_MSS_CM3_0_hw_platform\Debug\libsmartfusionmss_MSS_CM3_0_hw_platform.a(mss_uart.o)
 .text.MSS_UART_set_modemstatus_handler
                0x00000000       0x84 C:\Users\youngben\Documents\cariomart_car\SoftConsole\smartfusionmss_MSS_CM3_0\smartfusionmss_MSS_CM3_0_hw_platform\Debug\libsmartfusionmss_MSS_CM3_0_hw_platform.a(mss_uart.o)
 .text.MSS_UART_fill_tx_fifo
                0x00000000       0xd4 C:\Users\youngben\Documents\cariomart_car\SoftConsole\smartfusionmss_MSS_CM3_0\smartfusionmss_MSS_CM3_0_hw_platform\Debug\libsmartfusionmss_MSS_CM3_0_hw_platform.a(mss_uart.o)
 .text.MSS_UART_get_rx_status
                0x00000000       0x80 C:\Users\youngben\Documents\cariomart_car\SoftConsole\smartfusionmss_MSS_CM3_0\smartfusionmss_MSS_CM3_0_hw_platform\Debug\libsmartfusionmss_MSS_CM3_0_hw_platform.a(mss_uart.o)
 .text.MSS_UART_get_modem_status
                0x00000000       0x60 C:\Users\youngben\Documents\cariomart_car\SoftConsole\smartfusionmss_MSS_CM3_0\smartfusionmss_MSS_CM3_0_hw_platform\Debug\libsmartfusionmss_MSS_CM3_0_hw_platform.a(mss_uart.o)
 .text.MSS_UART_get_tx_status
                0x00000000       0x78 C:\Users\youngben\Documents\cariomart_car\SoftConsole\smartfusionmss_MSS_CM3_0\smartfusionmss_MSS_CM3_0_hw_platform\Debug\libsmartfusionmss_MSS_CM3_0_hw_platform.a(mss_uart.o)
 .text          0x00000000        0x0 C:\Users\youngben\Documents\cariomart_car\SoftConsole\smartfusionmss_MSS_CM3_0\smartfusionmss_MSS_CM3_0_hw_platform\Debug\libsmartfusionmss_MSS_CM3_0_hw_platform.a(system_a2fxxxm3.o)
 .data          0x00000000        0x0 C:\Users\youngben\Documents\cariomart_car\SoftConsole\smartfusionmss_MSS_CM3_0\smartfusionmss_MSS_CM3_0_hw_platform\Debug\libsmartfusionmss_MSS_CM3_0_hw_platform.a(system_a2fxxxm3.o)
 .bss           0x00000000        0x0 C:\Users\youngben\Documents\cariomart_car\SoftConsole\smartfusionmss_MSS_CM3_0\smartfusionmss_MSS_CM3_0_hw_platform\Debug\libsmartfusionmss_MSS_CM3_0_hw_platform.a(system_a2fxxxm3.o)
 .text          0x00000000        0xc c:/microsemi/softconsole v3.3/sourcery-g++/bin/../lib/gcc/arm-none-eabi/4.4.1/../../../../arm-none-eabi/lib/thumb2\libc.a(lib_a-errno.o)
 .data          0x00000000        0x0 c:/microsemi/softconsole v3.3/sourcery-g++/bin/../lib/gcc/arm-none-eabi/4.4.1/../../../../arm-none-eabi/lib/thumb2\libc.a(lib_a-errno.o)
 .bss           0x00000000        0x0 c:/microsemi/softconsole v3.3/sourcery-g++/bin/../lib/gcc/arm-none-eabi/4.4.1/../../../../arm-none-eabi/lib/thumb2\libc.a(lib_a-errno.o)
 .text          0x00000000        0x0 c:/microsemi/softconsole v3.3/sourcery-g++/bin/../lib/gcc/arm-none-eabi/4.4.1/../../../../arm-none-eabi/lib/thumb2\libc.a(lib_a-impure.o)
 .bss           0x00000000        0x0 c:/microsemi/softconsole v3.3/sourcery-g++/bin/../lib/gcc/arm-none-eabi/4.4.1/../../../../arm-none-eabi/lib/thumb2\libc.a(lib_a-impure.o)
 .data          0x00000000        0x0 c:/microsemi/softconsole v3.3/sourcery-g++/bin/../lib/gcc/arm-none-eabi/4.4.1/../../../../arm-none-eabi/lib/thumb2\libc.a(lib_a-init.o)
 .bss           0x00000000        0x0 c:/microsemi/softconsole v3.3/sourcery-g++/bin/../lib/gcc/arm-none-eabi/4.4.1/../../../../arm-none-eabi/lib/thumb2\libc.a(lib_a-init.o)
 .data          0x00000000        0x0 c:/microsemi/softconsole v3.3/sourcery-g++/bin/../lib/gcc/arm-none-eabi/4.4.1/../../../../arm-none-eabi/lib/thumb2\libc.a(lib_a-puts.o)
 .bss           0x00000000        0x0 c:/microsemi/softconsole v3.3/sourcery-g++/bin/../lib/gcc/arm-none-eabi/4.4.1/../../../../arm-none-eabi/lib/thumb2\libc.a(lib_a-puts.o)
 .data          0x00000000        0x0 c:/microsemi/softconsole v3.3/sourcery-g++/bin/../lib/gcc/arm-none-eabi/4.4.1/../../../../arm-none-eabi/lib/thumb2\libc.a(lib_a-strlen.o)
 .bss           0x00000000        0x0 c:/microsemi/softconsole v3.3/sourcery-g++/bin/../lib/gcc/arm-none-eabi/4.4.1/../../../../arm-none-eabi/lib/thumb2\libc.a(lib_a-strlen.o)
 .data          0x00000000        0x0 c:/microsemi/softconsole v3.3/sourcery-g++/bin/../lib/gcc/arm-none-eabi/4.4.1/../../../../arm-none-eabi/lib/thumb2\libc.a(lib_a-findfp.o)
 .bss           0x00000000        0x0 c:/microsemi/softconsole v3.3/sourcery-g++/bin/../lib/gcc/arm-none-eabi/4.4.1/../../../../arm-none-eabi/lib/thumb2\libc.a(lib_a-findfp.o)
 .data          0x00000000        0x0 c:/microsemi/softconsole v3.3/sourcery-g++/bin/../lib/gcc/arm-none-eabi/4.4.1/../../../../arm-none-eabi/lib/thumb2\libc.a(lib_a-fvwrite.o)
 .bss           0x00000000        0x0 c:/microsemi/softconsole v3.3/sourcery-g++/bin/../lib/gcc/arm-none-eabi/4.4.1/../../../../arm-none-eabi/lib/thumb2\libc.a(lib_a-fvwrite.o)
 .data          0x00000000        0x0 c:/microsemi/softconsole v3.3/sourcery-g++/bin/../lib/gcc/arm-none-eabi/4.4.1/../../../../arm-none-eabi/lib/thumb2\libc.a(lib_a-fwalk.o)
 .bss           0x00000000        0x0 c:/microsemi/softconsole v3.3/sourcery-g++/bin/../lib/gcc/arm-none-eabi/4.4.1/../../../../arm-none-eabi/lib/thumb2\libc.a(lib_a-fwalk.o)
 .data          0x00000000        0x0 c:/microsemi/softconsole v3.3/sourcery-g++/bin/../lib/gcc/arm-none-eabi/4.4.1/../../../../arm-none-eabi/lib/thumb2\libc.a(lib_a-memchr.o)
 .bss           0x00000000        0x0 c:/microsemi/softconsole v3.3/sourcery-g++/bin/../lib/gcc/arm-none-eabi/4.4.1/../../../../arm-none-eabi/lib/thumb2\libc.a(lib_a-memchr.o)
 .data          0x00000000        0x0 c:/microsemi/softconsole v3.3/sourcery-g++/bin/../lib/gcc/arm-none-eabi/4.4.1/../../../../arm-none-eabi/lib/thumb2\libc.a(lib_a-memcpy.o)
 .bss           0x00000000        0x0 c:/microsemi/softconsole v3.3/sourcery-g++/bin/../lib/gcc/arm-none-eabi/4.4.1/../../../../arm-none-eabi/lib/thumb2\libc.a(lib_a-memcpy.o)
 .data          0x00000000        0x0 c:/microsemi/softconsole v3.3/sourcery-g++/bin/../lib/gcc/arm-none-eabi/4.4.1/../../../../arm-none-eabi/lib/thumb2\libc.a(lib_a-memmove.o)
 .bss           0x00000000        0x0 c:/microsemi/softconsole v3.3/sourcery-g++/bin/../lib/gcc/arm-none-eabi/4.4.1/../../../../arm-none-eabi/lib/thumb2\libc.a(lib_a-memmove.o)
 .data          0x00000000        0x0 c:/microsemi/softconsole v3.3/sourcery-g++/bin/../lib/gcc/arm-none-eabi/4.4.1/../../../../arm-none-eabi/lib/thumb2\libc.a(lib_a-memset.o)
 .bss           0x00000000        0x0 c:/microsemi/softconsole v3.3/sourcery-g++/bin/../lib/gcc/arm-none-eabi/4.4.1/../../../../arm-none-eabi/lib/thumb2\libc.a(lib_a-memset.o)
 .data          0x00000000        0x0 c:/microsemi/softconsole v3.3/sourcery-g++/bin/../lib/gcc/arm-none-eabi/4.4.1/../../../../arm-none-eabi/lib/thumb2\libc.a(lib_a-mlock.o)
 .bss           0x00000000        0x0 c:/microsemi/softconsole v3.3/sourcery-g++/bin/../lib/gcc/arm-none-eabi/4.4.1/../../../../arm-none-eabi/lib/thumb2\libc.a(lib_a-mlock.o)
 .data          0x00000000        0x0 c:/microsemi/softconsole v3.3/sourcery-g++/bin/../lib/gcc/arm-none-eabi/4.4.1/../../../../arm-none-eabi/lib/thumb2\libc.a(lib_a-reallocr.o)
 .bss           0x00000000        0x0 c:/microsemi/softconsole v3.3/sourcery-g++/bin/../lib/gcc/arm-none-eabi/4.4.1/../../../../arm-none-eabi/lib/thumb2\libc.a(lib_a-reallocr.o)
 .data          0x00000000        0x0 c:/microsemi/softconsole v3.3/sourcery-g++/bin/../lib/gcc/arm-none-eabi/4.4.1/../../../../arm-none-eabi/lib/thumb2\libc.a(lib_a-sbrkr.o)
 .bss           0x00000000        0x0 c:/microsemi/softconsole v3.3/sourcery-g++/bin/../lib/gcc/arm-none-eabi/4.4.1/../../../../arm-none-eabi/lib/thumb2\libc.a(lib_a-sbrkr.o)
 .data          0x00000000        0x0 c:/microsemi/softconsole v3.3/sourcery-g++/bin/../lib/gcc/arm-none-eabi/4.4.1/../../../../arm-none-eabi/lib/thumb2\libc.a(lib_a-stdio.o)
 .bss           0x00000000        0x0 c:/microsemi/softconsole v3.3/sourcery-g++/bin/../lib/gcc/arm-none-eabi/4.4.1/../../../../arm-none-eabi/lib/thumb2\libc.a(lib_a-stdio.o)
 .data          0x00000000        0x0 c:/microsemi/softconsole v3.3/sourcery-g++/bin/../lib/gcc/arm-none-eabi/4.4.1/../../../../arm-none-eabi/lib/thumb2\libc.a(lib_a-wsetup.o)
 .bss           0x00000000        0x0 c:/microsemi/softconsole v3.3/sourcery-g++/bin/../lib/gcc/arm-none-eabi/4.4.1/../../../../arm-none-eabi/lib/thumb2\libc.a(lib_a-wsetup.o)
 .data          0x00000000        0x0 c:/microsemi/softconsole v3.3/sourcery-g++/bin/../lib/gcc/arm-none-eabi/4.4.1/../../../../arm-none-eabi/lib/thumb2\libc.a(lib_a-closer.o)
 .bss           0x00000000        0x0 c:/microsemi/softconsole v3.3/sourcery-g++/bin/../lib/gcc/arm-none-eabi/4.4.1/../../../../arm-none-eabi/lib/thumb2\libc.a(lib_a-closer.o)
 .data          0x00000000        0x0 c:/microsemi/softconsole v3.3/sourcery-g++/bin/../lib/gcc/arm-none-eabi/4.4.1/../../../../arm-none-eabi/lib/thumb2\libc.a(lib_a-fclose.o)
 .bss           0x00000000        0x0 c:/microsemi/softconsole v3.3/sourcery-g++/bin/../lib/gcc/arm-none-eabi/4.4.1/../../../../arm-none-eabi/lib/thumb2\libc.a(lib_a-fclose.o)
 .data          0x00000000        0x0 c:/microsemi/softconsole v3.3/sourcery-g++/bin/../lib/gcc/arm-none-eabi/4.4.1/../../../../arm-none-eabi/lib/thumb2\libc.a(lib_a-fflush.o)
 .bss           0x00000000        0x0 c:/microsemi/softconsole v3.3/sourcery-g++/bin/../lib/gcc/arm-none-eabi/4.4.1/../../../../arm-none-eabi/lib/thumb2\libc.a(lib_a-fflush.o)
 .data          0x00000000        0x0 c:/microsemi/softconsole v3.3/sourcery-g++/bin/../lib/gcc/arm-none-eabi/4.4.1/../../../../arm-none-eabi/lib/thumb2\libc.a(lib_a-freer.o)
 .bss           0x00000000        0x0 c:/microsemi/softconsole v3.3/sourcery-g++/bin/../lib/gcc/arm-none-eabi/4.4.1/../../../../arm-none-eabi/lib/thumb2\libc.a(lib_a-freer.o)
 .data          0x00000000        0x0 c:/microsemi/softconsole v3.3/sourcery-g++/bin/../lib/gcc/arm-none-eabi/4.4.1/../../../../arm-none-eabi/lib/thumb2\libc.a(lib_a-lseekr.o)
 .bss           0x00000000        0x0 c:/microsemi/softconsole v3.3/sourcery-g++/bin/../lib/gcc/arm-none-eabi/4.4.1/../../../../arm-none-eabi/lib/thumb2\libc.a(lib_a-lseekr.o)
 .data          0x00000000        0x0 c:/microsemi/softconsole v3.3/sourcery-g++/bin/../lib/gcc/arm-none-eabi/4.4.1/../../../../arm-none-eabi/lib/thumb2\libc.a(lib_a-makebuf.o)
 .bss           0x00000000        0x0 c:/microsemi/softconsole v3.3/sourcery-g++/bin/../lib/gcc/arm-none-eabi/4.4.1/../../../../arm-none-eabi/lib/thumb2\libc.a(lib_a-makebuf.o)
 .data          0x00000000        0x0 c:/microsemi/softconsole v3.3/sourcery-g++/bin/../lib/gcc/arm-none-eabi/4.4.1/../../../../arm-none-eabi/lib/thumb2\libc.a(lib_a-readr.o)
 .bss           0x00000000        0x0 c:/microsemi/softconsole v3.3/sourcery-g++/bin/../lib/gcc/arm-none-eabi/4.4.1/../../../../arm-none-eabi/lib/thumb2\libc.a(lib_a-readr.o)
 .text          0x00000000      0x10c c:/microsemi/softconsole v3.3/sourcery-g++/bin/../lib/gcc/arm-none-eabi/4.4.1/../../../../arm-none-eabi/lib/thumb2\libc.a(lib_a-reent.o)
 .data          0x00000000        0x0 c:/microsemi/softconsole v3.3/sourcery-g++/bin/../lib/gcc/arm-none-eabi/4.4.1/../../../../arm-none-eabi/lib/thumb2\libc.a(lib_a-reent.o)
 .bss           0x00000000        0x0 c:/microsemi/softconsole v3.3/sourcery-g++/bin/../lib/gcc/arm-none-eabi/4.4.1/../../../../arm-none-eabi/lib/thumb2\libc.a(lib_a-reent.o)
 .data          0x00000000        0x0 c:/microsemi/softconsole v3.3/sourcery-g++/bin/../lib/gcc/arm-none-eabi/4.4.1/../../../../arm-none-eabi/lib/thumb2\libc.a(lib_a-fstatr.o)
 .bss           0x00000000        0x0 c:/microsemi/softconsole v3.3/sourcery-g++/bin/../lib/gcc/arm-none-eabi/4.4.1/../../../../arm-none-eabi/lib/thumb2\libc.a(lib_a-fstatr.o)
 .data          0x00000000        0x0 c:/microsemi/softconsole v3.3/sourcery-g++/bin/../lib/gcc/arm-none-eabi/4.4.1/../../../../arm-none-eabi/lib/thumb2\libc.a(lib_a-isattyr.o)
 .bss           0x00000000        0x0 c:/microsemi/softconsole v3.3/sourcery-g++/bin/../lib/gcc/arm-none-eabi/4.4.1/../../../../arm-none-eabi/lib/thumb2\libc.a(lib_a-isattyr.o)
 .text          0x00000000        0x0 c:/microsemi/softconsole v3.3/sourcery-g++/bin/../lib/gcc/arm-none-eabi/4.4.1/thumb2/crtend.o
 .data          0x00000000        0x0 c:/microsemi/softconsole v3.3/sourcery-g++/bin/../lib/gcc/arm-none-eabi/4.4.1/thumb2/crtend.o
 .bss           0x00000000        0x0 c:/microsemi/softconsole v3.3/sourcery-g++/bin/../lib/gcc/arm-none-eabi/4.4.1/thumb2/crtend.o
 .text          0x00000000        0x0 c:/microsemi/softconsole v3.3/sourcery-g++/bin/../lib/gcc/arm-none-eabi/4.4.1/thumb2/crtn.o
 .data          0x00000000        0x0 c:/microsemi/softconsole v3.3/sourcery-g++/bin/../lib/gcc/arm-none-eabi/4.4.1/thumb2/crtn.o
 .bss           0x00000000        0x0 c:/microsemi/softconsole v3.3/sourcery-g++/bin/../lib/gcc/arm-none-eabi/4.4.1/thumb2/crtn.o

Memory Configuration

Name             Origin             Length             Attributes
ram              0x20000000         0x00010000         xrw
*default*        0x00000000         0xffffffff

Linker script and memory map

LOAD c:/microsemi/softconsole v3.3/sourcery-g++/bin/../lib/gcc/arm-none-eabi/4.4.1/thumb2/crti.o
LOAD c:/microsemi/softconsole v3.3/sourcery-g++/bin/../lib/gcc/arm-none-eabi/4.4.1/thumb2/crtbegin.o
LOAD ./CarControl.o
LOAD ./main.o
LOAD ./xbee.o
LOAD C:/Users/youngben/Documents/cariomart_car/SoftConsole/smartfusionmss_MSS_CM3_0/smartfusionmss_MSS_CM3_0_hw_platform/Debug/CMSIS/startup_gcc/startup_a2fxxxm3.o
LOAD C:/Users/youngben/Documents/cariomart_car/SoftConsole/smartfusionmss_MSS_CM3_0/smartfusionmss_MSS_CM3_0_hw_platform/Debug/CMSIS/startup_gcc/newlib_stubs.o
LOAD C:\Users\youngben\Documents\cariomart_car\SoftConsole\smartfusionmss_MSS_CM3_0\smartfusionmss_MSS_CM3_0_hw_platform\Debug\libsmartfusionmss_MSS_CM3_0_hw_platform.a
START GROUP
LOAD c:/microsemi/softconsole v3.3/sourcery-g++/bin/../lib/gcc/arm-none-eabi/4.4.1/thumb2\libgcc.a
LOAD c:/microsemi/softconsole v3.3/sourcery-g++/bin/../lib/gcc/arm-none-eabi/4.4.1/../../../../arm-none-eabi/lib/thumb2\libc.a
END GROUP
LOAD c:/microsemi/softconsole v3.3/sourcery-g++/bin/../lib/gcc/arm-none-eabi/4.4.1/thumb2/crtend.o
LOAD c:/microsemi/softconsole v3.3/sourcery-g++/bin/../lib/gcc/arm-none-eabi/4.4.1/thumb2/crtn.o
START GROUP
LOAD c:/microsemi/softconsole v3.3/sourcery-g++/bin/../lib/gcc/arm-none-eabi/4.4.1/../../../../arm-none-eabi/lib/thumb2\libc.a
LOAD c:/microsemi/softconsole v3.3/sourcery-g++/bin/../lib/gcc/arm-none-eabi/4.4.1/thumb2\libgcc.a
LOAD c:/microsemi/softconsole v3.3/sourcery-g++/bin/../lib/gcc/arm-none-eabi/4.4.1/../../../../arm-none-eabi/lib/thumb2\libm.a
END GROUP
                0x00000000                __DYNAMIC = 0x0
                0x20000000                RAM_START_ADDRESS = 0x20000000
                0x00010000                RAM_SIZE = 0x10000
                0x00002000                MAIN_STACK_SIZE = 0x2000
                0x00001000                PROCESS_STACK_SIZE = 0x1000
                0x20010000                PROVIDE (__main_stack_start, (RAM_START_ADDRESS + RAM_SIZE))
                0x2000e000                PROVIDE (__process_stack_start, (__main_stack_start - MAIN_STACK_SIZE))
                0x20010000                PROVIDE (_estack, __main_stack_start)
                0x00000000                PROVIDE (__mirrored_nvm, 0x0)

.text           0x20000000     0x2e48
 CREATE_OBJECT_SYMBOLS
                0x20000000                __text_load = LOADADDR (.text)
                0x20000000                __text_start = .
                0x20000000                __vector_table_vma_base_address = .
 *(.isr_vector)
 .isr_vector    0x20000000      0x470 C:/Users/youngben/Documents/cariomart_car/SoftConsole/smartfusionmss_MSS_CM3_0/smartfusionmss_MSS_CM3_0_hw_platform/Debug/CMSIS/startup_gcc/startup_a2fxxxm3.o
                0x20000000                g_pfnVectors
                0x20000298                Reset_Handler
                0x20000308                NMI_Handler
                0x2000030a                HardFault_Handler
                0x2000030c                MemManage_Handler
                0x2000030e                BusFault_Handler
                0x20000310                UsageFault_Handler
                0x20000312                SVC_Handler
                0x20000314                DebugMon_Handler
                0x20000316                PendSV_Handler
                0x20000318                SysTick_Handler
                0x2000031a                WdogWakeup_IRQHandler
                0x2000031c                BrownOut_1_5V_IRQHandler
                0x2000031e                BrownOut_3_3V_IRQHandler
                0x20000320                RTC_Match_IRQHandler
                0x20000322                RTCIF_Pub_IRQHandler
                0x20000324                EthernetMAC_IRQHandler
                0x20000326                IAP_IRQHandler
                0x20000328                ENVM0_IRQHandler
                0x2000032a                ENVM1_IRQHandler
                0x2000032c                DMA_IRQHandler
                0x20000332                SPI0_IRQHandler
                0x20000334                SPI1_IRQHandler
                0x20000336                I2C0_IRQHandler
                0x20000338                I2C0_SMBAlert_IRQHandler
                0x2000033a                I2C0_SMBus_IRQHandler
                0x2000033c                I2C1_IRQHandler
                0x2000033e                I2C1_SMBAlert_IRQHandler
                0x20000340                I2C1_SMBus_IRQHandler
                0x20000342                Timer1_IRQHandler
                0x20000344                Timer2_IRQHandler
                0x20000346                PLL_Lock_IRQHandler
                0x20000348                PLL_LockLost_IRQHandler
                0x2000034a                CommError_IRQHandler
                0x2000034c                Fabric_IRQHandler
                0x2000034e                GPIO0_IRQHandler
                0x20000350                GPIO1_IRQHandler
                0x20000352                GPIO2_IRQHandler
                0x20000354                GPIO3_IRQHandler
                0x20000356                GPIO4_IRQHandler
                0x20000358                GPIO5_IRQHandler
                0x2000035a                GPIO6_IRQHandler
                0x2000035c                GPIO7_IRQHandler
                0x2000035e                GPIO8_IRQHandler
                0x20000360                GPIO9_IRQHandler
                0x20000362                GPIO10_IRQHandler
                0x20000364                GPIO11_IRQHandler
                0x20000366                GPIO12_IRQHandler
                0x20000368                GPIO13_IRQHandler
                0x2000036a                GPIO14_IRQHandler
                0x2000036c                GPIO15_IRQHandler
                0x2000036e                GPIO16_IRQHandler
                0x20000370                GPIO17_IRQHandler
                0x20000372                GPIO18_IRQHandler
                0x20000374                GPIO19_IRQHandler
                0x20000376                GPIO20_IRQHandler
                0x20000378                GPIO21_IRQHandler
                0x2000037a                GPIO22_IRQHandler
                0x2000037c                GPIO23_IRQHandler
                0x2000037e                GPIO24_IRQHandler
                0x20000380                GPIO25_IRQHandler
                0x20000382                GPIO26_IRQHandler
                0x20000384                GPIO27_IRQHandler
                0x20000386                GPIO28_IRQHandler
                0x20000388                GPIO29_IRQHandler
                0x2000038a                GPIO30_IRQHandler
                0x2000038c                GPIO31_IRQHandler
                0x2000038e                ACE_PC0_Flag0_IRQHandler
                0x20000390                ACE_PC0_Flag1_IRQHandler
                0x20000392                ACE_PC0_Flag2_IRQHandler
                0x20000394                ACE_PC0_Flag3_IRQHandler
                0x20000396                ACE_PC1_Flag0_IRQHandler
                0x20000398                ACE_PC1_Flag1_IRQHandler
                0x2000039a                ACE_PC1_Flag2_IRQHandler
                0x2000039c                ACE_PC1_Flag3_IRQHandler
                0x2000039e                ACE_PC2_Flag0_IRQHandler
                0x200003a0                ACE_PC2_Flag1_IRQHandler
                0x200003a2                ACE_PC2_Flag2_IRQHandler
                0x200003a4                ACE_PC2_Flag3_IRQHandler
                0x200003a6                ACE_ADC0_DataValid_IRQHandler
                0x200003a8                ACE_ADC1_DataValid_IRQHandler
                0x200003aa                ACE_ADC2_DataValid_IRQHandler
                0x200003ac                ACE_ADC0_CalDone_IRQHandler
                0x200003ae                ACE_ADC1_CalDone_IRQHandler
                0x200003b0                ACE_ADC2_CalDone_IRQHandler
                0x200003b2                ACE_ADC0_CalStart_IRQHandler
                0x200003b4                ACE_ADC1_CalStart_IRQHandler
                0x200003b6                ACE_ADC2_CalStart_IRQHandler
                0x200003b8                ACE_Comp0_Fall_IRQHandler
                0x200003ba                ACE_Comp1_Fall_IRQHandler
                0x200003bc                ACE_Comp2_Fall_IRQHandler
                0x200003be                ACE_Comp3_Fall_IRQHandler
                0x200003c0                ACE_Comp4_Fall_IRQHandler
                0x200003c2                ACE_Comp5_Fall_IRQHandler
                0x200003c4                ACE_Comp6_Fall_IRQHandler
                0x200003c6                ACE_Comp7_Fall_IRQHandler
                0x200003c8                ACE_Comp8_Fall_IRQHandler
                0x200003ca                ACE_Comp9_Fall_IRQHandler
                0x200003cc                ACE_Comp10_Fall_IRQHandler
                0x200003ce                ACE_Comp11_Fall_IRQHandler
                0x200003d0                ACE_Comp0_Rise_IRQHandler
                0x200003d2                ACE_Comp1_Rise_IRQHandler
                0x200003d4                ACE_Comp2_Rise_IRQHandler
                0x200003d6                ACE_Comp3_Rise_IRQHandler
                0x200003d8                ACE_Comp4_Rise_IRQHandler
                0x200003da                ACE_Comp5_Rise_IRQHandler
                0x200003dc                ACE_Comp6_Rise_IRQHandler
                0x200003de                ACE_Comp7_Rise_IRQHandler
                0x200003e0                ACE_Comp8_Rise_IRQHandler
                0x200003e2                ACE_Comp9_Rise_IRQHandler
                0x200003e4                ACE_Comp10_Rise_IRQHandler
                0x200003e6                ACE_Comp11_Rise_IRQHandler
                0x200003e8                ACE_ADC0_FifoFull_IRQHandler
                0x200003ea                ACE_ADC0_FifoAFull_IRQHandler
                0x200003ec                ACE_ADC0_FifoEmpty_IRQHandler
                0x200003ee                ACE_ADC1_FifoFull_IRQHandler
                0x200003f0                ACE_ADC1_FifoAFull_IRQHandler
                0x200003f2                ACE_ADC1_FifoEmpty_IRQHandler
                0x200003f4                ACE_ADC2_FifoFull_IRQHandler
                0x200003f6                ACE_ADC2_FifoAFull_IRQHandler
                0x200003f8                ACE_ADC2_FifoEmpty_IRQHandler
                0x200003fa                ACE_PPE_Flag0_IRQHandler
                0x200003fc                ACE_PPE_Flag1_IRQHandler
                0x200003fe                ACE_PPE_Flag2_IRQHandler
                0x20000400                ACE_PPE_Flag3_IRQHandler
                0x20000402                ACE_PPE_Flag4_IRQHandler
                0x20000404                ACE_PPE_Flag5_IRQHandler
                0x20000406                ACE_PPE_Flag6_IRQHandler
                0x20000408                ACE_PPE_Flag7_IRQHandler
                0x2000040a                ACE_PPE_Flag8_IRQHandler
                0x2000040c                ACE_PPE_Flag9_IRQHandler
                0x2000040e                ACE_PPE_Flag10_IRQHandler
                0x20000410                ACE_PPE_Flag11_IRQHandler
                0x20000412                ACE_PPE_Flag12_IRQHandler
                0x20000414                ACE_PPE_Flag13_IRQHandler
                0x20000416                ACE_PPE_Flag14_IRQHandler
                0x20000418                ACE_PPE_Flag15_IRQHandler
                0x2000041a                ACE_PPE_Flag16_IRQHandler
                0x2000041c                ACE_PPE_Flag17_IRQHandler
                0x2000041e                ACE_PPE_Flag18_IRQHandler
                0x20000420                ACE_PPE_Flag19_IRQHandler
                0x20000422                ACE_PPE_Flag20_IRQHandler
                0x20000424                ACE_PPE_Flag21_IRQHandler
                0x20000426                ACE_PPE_Flag22_IRQHandler
                0x20000428                ACE_PPE_Flag23_IRQHandler
                0x2000042a                ACE_PPE_Flag24_IRQHandler
                0x2000042c                ACE_PPE_Flag25_IRQHandler
                0x2000042e                ACE_PPE_Flag26_IRQHandler
                0x20000430                ACE_PPE_Flag27_IRQHandler
                0x20000432                ACE_PPE_Flag28_IRQHandler
                0x20000434                ACE_PPE_Flag29_IRQHandler
                0x20000436                ACE_PPE_Flag30_IRQHandler
                0x20000438                ACE_PPE_Flag31_IRQHandler
 *(.text .text.* .gnu.linkonce.t.*)
 .text          0x20000470       0x30 c:/microsemi/softconsole v3.3/sourcery-g++/bin/../lib/gcc/arm-none-eabi/4.4.1/thumb2/crtbegin.o
 .text.setLeftSideForward
                0x200004a0       0x18 ./CarControl.o
                0x200004a0                setLeftSideForward
 .text.setLeftSideReverse
                0x200004b8       0x18 ./CarControl.o
                0x200004b8                setLeftSideReverse
 .text.setRightSideForward
                0x200004d0       0x18 ./CarControl.o
                0x200004d0                setRightSideForward
 .text.setRightSideReverse
                0x200004e8       0x18 ./CarControl.o
                0x200004e8                setRightSideReverse
 .text.setLeftSideSpeed
                0x20000500       0x20 ./CarControl.o
                0x20000500                setLeftSideSpeed
 .text.setRightSideSpeed
                0x20000520       0x20 ./CarControl.o
                0x20000520                setRightSideSpeed
 .text.main     0x20000540       0x4c ./main.o
                0x20000540                main
 .text.initialize_controller_reciever
                0x2000058c       0x34 ./xbee.o
                0x2000058c                initialize_controller_reciever
 .text.uart1_rx_handler
                0x200005c0       0xcc ./xbee.o
                0x200005c0                uart1_rx_handler
 .text._close   0x2000068c       0x18 C:/Users/youngben/Documents/cariomart_car/SoftConsole/smartfusionmss_MSS_CM3_0/smartfusionmss_MSS_CM3_0_hw_platform/Debug/CMSIS/startup_gcc/newlib_stubs.o
                0x2000068c                _close
 .text._exit    0x200006a4        0xc C:/Users/youngben/Documents/cariomart_car/SoftConsole/smartfusionmss_MSS_CM3_0/smartfusionmss_MSS_CM3_0_hw_platform/Debug/CMSIS/startup_gcc/newlib_stubs.o
                0x200006a4                _exit
 .text._fstat   0x200006b0       0x24 C:/Users/youngben/Documents/cariomart_car/SoftConsole/smartfusionmss_MSS_CM3_0/smartfusionmss_MSS_CM3_0_hw_platform/Debug/CMSIS/startup_gcc/newlib_stubs.o
                0x200006b0                _fstat
 .text._isatty  0x200006d4       0x18 C:/Users/youngben/Documents/cariomart_car/SoftConsole/smartfusionmss_MSS_CM3_0/smartfusionmss_MSS_CM3_0_hw_platform/Debug/CMSIS/startup_gcc/newlib_stubs.o
                0x200006d4                _isatty
 .text._lseek   0x200006ec       0x1c C:/Users/youngben/Documents/cariomart_car/SoftConsole/smartfusionmss_MSS_CM3_0/smartfusionmss_MSS_CM3_0_hw_platform/Debug/CMSIS/startup_gcc/newlib_stubs.o
                0x200006ec                _lseek
 .text._read    0x20000708       0x1c C:/Users/youngben/Documents/cariomart_car/SoftConsole/smartfusionmss_MSS_CM3_0/smartfusionmss_MSS_CM3_0_hw_platform/Debug/CMSIS/startup_gcc/newlib_stubs.o
                0x20000708                _read
 .text._write_r
                0x20000724       0x5c C:/Users/youngben/Documents/cariomart_car/SoftConsole/smartfusionmss_MSS_CM3_0/smartfusionmss_MSS_CM3_0_hw_platform/Debug/CMSIS/startup_gcc/newlib_stubs.o
                0x20000724                _write_r
 .text._sbrk    0x20000780       0x94 C:/Users/youngben/Documents/cariomart_car/SoftConsole/smartfusionmss_MSS_CM3_0/smartfusionmss_MSS_CM3_0_hw_platform/Debug/CMSIS/startup_gcc/newlib_stubs.o
                0x20000780                _sbrk
 .text.NVIC_EnableIRQ
                0x20000814       0x38 C:\Users\youngben\Documents\cariomart_car\SoftConsole\smartfusionmss_MSS_CM3_0\smartfusionmss_MSS_CM3_0_hw_platform\Debug\libsmartfusionmss_MSS_CM3_0_hw_platform.a(mss_uart.o)
 .text.NVIC_ClearPendingIRQ
                0x2000084c       0x3c C:\Users\youngben\Documents\cariomart_car\SoftConsole\smartfusionmss_MSS_CM3_0\smartfusionmss_MSS_CM3_0_hw_platform\Debug\libsmartfusionmss_MSS_CM3_0_hw_platform.a(mss_uart.o)
 .text.MSS_UART_init
                0x20000888      0x204 C:\Users\youngben\Documents\cariomart_car\SoftConsole\smartfusionmss_MSS_CM3_0\smartfusionmss_MSS_CM3_0_hw_platform\Debug\libsmartfusionmss_MSS_CM3_0_hw_platform.a(mss_uart.o)
                0x20000888                MSS_UART_init
 .text.MSS_UART_polled_tx
                0x20000a8c       0xe4 C:\Users\youngben\Documents\cariomart_car\SoftConsole\smartfusionmss_MSS_CM3_0\smartfusionmss_MSS_CM3_0_hw_platform\Debug\libsmartfusionmss_MSS_CM3_0_hw_platform.a(mss_uart.o)
                0x20000a8c                MSS_UART_polled_tx
 .text.MSS_UART_get_rx
                0x20000b70       0xdc C:\Users\youngben\Documents\cariomart_car\SoftConsole\smartfusionmss_MSS_CM3_0\smartfusionmss_MSS_CM3_0_hw_platform\Debug\libsmartfusionmss_MSS_CM3_0_hw_platform.a(mss_uart.o)
                0x20000b70                MSS_UART_get_rx
 .text.MSS_UART_isr
                0x20000c4c      0x11c C:\Users\youngben\Documents\cariomart_car\SoftConsole\smartfusionmss_MSS_CM3_0\smartfusionmss_MSS_CM3_0_hw_platform\Debug\libsmartfusionmss_MSS_CM3_0_hw_platform.a(mss_uart.o)
 .text.default_tx_handler
                0x20000d68      0x108 C:\Users\youngben\Documents\cariomart_car\SoftConsole\smartfusionmss_MSS_CM3_0\smartfusionmss_MSS_CM3_0_hw_platform\Debug\libsmartfusionmss_MSS_CM3_0_hw_platform.a(mss_uart.o)
 .text.MSS_UART_set_rx_handler
                0x20000e70       0xa8 C:\Users\youngben\Documents\cariomart_car\SoftConsole\smartfusionmss_MSS_CM3_0\smartfusionmss_MSS_CM3_0_hw_platform\Debug\libsmartfusionmss_MSS_CM3_0_hw_platform.a(mss_uart.o)
                0x20000e70                MSS_UART_set_rx_handler
 .text.UART0_IRQHandler
                0x20000f18       0x2c C:\Users\youngben\Documents\cariomart_car\SoftConsole\smartfusionmss_MSS_CM3_0\smartfusionmss_MSS_CM3_0_hw_platform\Debug\libsmartfusionmss_MSS_CM3_0_hw_platform.a(mss_uart.o)
                0x20000f18                UART0_IRQHandler
 .text.UART1_IRQHandler
                0x20000f44       0x2c C:\Users\youngben\Documents\cariomart_car\SoftConsole\smartfusionmss_MSS_CM3_0\smartfusionmss_MSS_CM3_0_hw_platform\Debug\libsmartfusionmss_MSS_CM3_0_hw_platform.a(mss_uart.o)
                0x20000f44                UART1_IRQHandler
 .text.SystemInit
                0x20000f70        0xc C:\Users\youngben\Documents\cariomart_car\SoftConsole\smartfusionmss_MSS_CM3_0\smartfusionmss_MSS_CM3_0_hw_platform\Debug\libsmartfusionmss_MSS_CM3_0_hw_platform.a(system_a2fxxxm3.o)
                0x20000f70                SystemInit
 .text.SystemCoreClockUpdate
                0x20000f7c      0x150 C:\Users\youngben\Documents\cariomart_car\SoftConsole\smartfusionmss_MSS_CM3_0\smartfusionmss_MSS_CM3_0_hw_platform\Debug\libsmartfusionmss_MSS_CM3_0_hw_platform.a(system_a2fxxxm3.o)
                0x20000f7c                SystemCoreClockUpdate
 .text.GetSystemClock
                0x200010cc       0xe8 C:\Users\youngben\Documents\cariomart_car\SoftConsole\smartfusionmss_MSS_CM3_0\smartfusionmss_MSS_CM3_0_hw_platform\Debug\libsmartfusionmss_MSS_CM3_0_hw_platform.a(system_a2fxxxm3.o)
 .text          0x200011b4       0x50 c:/microsemi/softconsole v3.3/sourcery-g++/bin/../lib/gcc/arm-none-eabi/4.4.1/../../../../arm-none-eabi/lib/thumb2\libc.a(lib_a-init.o)
                0x200011b4                __libc_init_array
 .text          0x20001204       0x88 c:/microsemi/softconsole v3.3/sourcery-g++/bin/../lib/gcc/arm-none-eabi/4.4.1/../../../../arm-none-eabi/lib/thumb2\libc.a(lib_a-puts.o)
                0x20001204                _puts_r
                0x2000127c                puts
 .text          0x2000128c       0x60 c:/microsemi/softconsole v3.3/sourcery-g++/bin/../lib/gcc/arm-none-eabi/4.4.1/../../../../arm-none-eabi/lib/thumb2\libc.a(lib_a-strlen.o)
                0x2000128c                strlen
 .text          0x200012ec      0x1c8 c:/microsemi/softconsole v3.3/sourcery-g++/bin/../lib/gcc/arm-none-eabi/4.4.1/../../../../arm-none-eabi/lib/thumb2\libc.a(lib_a-findfp.o)
                0x200012ec                __sfp_lock_acquire
                0x200012f0                __sfp_lock_release
                0x200012f4                __sinit_lock_acquire
                0x200012f8                __sinit_lock_release
                0x20001304                __fp_unlock_all
                0x2000131c                __fp_lock_all
                0x20001334                _cleanup_r
                0x20001340                _cleanup
                0x2000139c                __sfmoreglue
                0x200013cc                __sfp
                0x20001454                __sinit
 .text          0x200014b4      0x334 c:/microsemi/softconsole v3.3/sourcery-g++/bin/../lib/gcc/arm-none-eabi/4.4.1/../../../../arm-none-eabi/lib/thumb2\libc.a(lib_a-fvwrite.o)
                0x200014b4                __sfvwrite_r
 .text          0x200017e8       0xa0 c:/microsemi/softconsole v3.3/sourcery-g++/bin/../lib/gcc/arm-none-eabi/4.4.1/../../../../arm-none-eabi/lib/thumb2\libc.a(lib_a-fwalk.o)
                0x200017e8                _fwalk_reent
                0x2000183c                _fwalk
 .text          0x20001888      0x5a4 c:/microsemi/softconsole v3.3/sourcery-g++/bin/../lib/gcc/arm-none-eabi/4.4.1/../../../../arm-none-eabi/lib/thumb2\libc.a(lib_a-mallocr.o)
                0x20001888                _malloc_r
 .text          0x20001e2c       0x74 c:/microsemi/softconsole v3.3/sourcery-g++/bin/../lib/gcc/arm-none-eabi/4.4.1/../../../../arm-none-eabi/lib/thumb2\libc.a(lib_a-memchr.o)
                0x20001e2c                memchr
 .text          0x20001ea0      0x190 c:/microsemi/softconsole v3.3/sourcery-g++/bin/../lib/gcc/arm-none-eabi/4.4.1/../../../../arm-none-eabi/lib/thumb2\libc.a(lib_a-memcpy.o)
                0x20001ea0                memcpy
 .text          0x20002030       0xb8 c:/microsemi/softconsole v3.3/sourcery-g++/bin/../lib/gcc/arm-none-eabi/4.4.1/../../../../arm-none-eabi/lib/thumb2\libc.a(lib_a-memmove.o)
                0x20002030                memmove
 .text          0x200020e8       0xd4 c:/microsemi/softconsole v3.3/sourcery-g++/bin/../lib/gcc/arm-none-eabi/4.4.1/../../../../arm-none-eabi/lib/thumb2\libc.a(lib_a-memset.o)
                0x200020e8                memset
 .text          0x200021bc        0x8 c:/microsemi/softconsole v3.3/sourcery-g++/bin/../lib/gcc/arm-none-eabi/4.4.1/../../../../arm-none-eabi/lib/thumb2\libc.a(lib_a-mlock.o)
                0x200021bc                __malloc_lock
                0x200021c0                __malloc_unlock
 .text          0x200021c4      0x3b4 c:/microsemi/softconsole v3.3/sourcery-g++/bin/../lib/gcc/arm-none-eabi/4.4.1/../../../../arm-none-eabi/lib/thumb2\libc.a(lib_a-reallocr.o)
                0x200021c4                _realloc_r
 .text          0x20002578       0x28 c:/microsemi/softconsole v3.3/sourcery-g++/bin/../lib/gcc/arm-none-eabi/4.4.1/../../../../arm-none-eabi/lib/thumb2\libc.a(lib_a-sbrkr.o)
                0x20002578                _sbrk_r
 .text          0x200025a0       0x90 c:/microsemi/softconsole v3.3/sourcery-g++/bin/../lib/gcc/arm-none-eabi/4.4.1/../../../../arm-none-eabi/lib/thumb2\libc.a(lib_a-stdio.o)
                0x200025a0                __sclose
                0x200025a8                __sseek
                0x200025d0                __swrite
                0x2000260c                __sread
 .text          0x20002630      0x104 c:/microsemi/softconsole v3.3/sourcery-g++/bin/../lib/gcc/arm-none-eabi/4.4.1/../../../../arm-none-eabi/lib/thumb2\libc.a(lib_a-wsetup.o)
                0x20002630                __swsetup_r
 .text          0x20002734       0x28 c:/microsemi/softconsole v3.3/sourcery-g++/bin/../lib/gcc/arm-none-eabi/4.4.1/../../../../arm-none-eabi/lib/thumb2\libc.a(lib_a-closer.o)
                0x20002734                _close_r
 .text          0x2000275c       0xcc c:/microsemi/softconsole v3.3/sourcery-g++/bin/../lib/gcc/arm-none-eabi/4.4.1/../../../../arm-none-eabi/lib/thumb2\libc.a(lib_a-fclose.o)
                0x2000275c                _fclose_r
                0x20002818                fclose
 .text          0x20002828      0x178 c:/microsemi/softconsole v3.3/sourcery-g++/bin/../lib/gcc/arm-none-eabi/4.4.1/../../../../arm-none-eabi/lib/thumb2\libc.a(lib_a-fflush.o)
                0x20002828                _fflush_r
                0x20002978                fflush
 .text          0x200029a0      0x268 c:/microsemi/softconsole v3.3/sourcery-g++/bin/../lib/gcc/arm-none-eabi/4.4.1/../../../../arm-none-eabi/lib/thumb2\libc.a(lib_a-freer.o)
                0x200029a0                _malloc_trim_r
                0x20002a48                _free_r
 .text          0x20002c08       0x2c c:/microsemi/softconsole v3.3/sourcery-g++/bin/../lib/gcc/arm-none-eabi/4.4.1/../../../../arm-none-eabi/lib/thumb2\libc.a(lib_a-lseekr.o)
                0x20002c08                _lseek_r
 .text          0x20002c34       0xdc c:/microsemi/softconsole v3.3/sourcery-g++/bin/../lib/gcc/arm-none-eabi/4.4.1/../../../../arm-none-eabi/lib/thumb2\libc.a(lib_a-makebuf.o)
                0x20002c34                __smakebuf_r
 .text          0x20002d10       0x2c c:/microsemi/softconsole v3.3/sourcery-g++/bin/../lib/gcc/arm-none-eabi/4.4.1/../../../../arm-none-eabi/lib/thumb2\libc.a(lib_a-readr.o)
                0x20002d10                _read_r
 .text          0x20002d3c       0x2c c:/microsemi/softconsole v3.3/sourcery-g++/bin/../lib/gcc/arm-none-eabi/4.4.1/../../../../arm-none-eabi/lib/thumb2\libc.a(lib_a-fstatr.o)
                0x20002d3c                _fstat_r
 .text          0x20002d68       0x28 c:/microsemi/softconsole v3.3/sourcery-g++/bin/../lib/gcc/arm-none-eabi/4.4.1/../../../../arm-none-eabi/lib/thumb2\libc.a(lib_a-isattyr.o)
                0x20002d68                _isatty_r
 *(.plt)
 *(.gnu.warning)
 *(.glue_7t)
 .glue_7t       0x00000000        0x0 linker stubs
 *(.glue_7)
 .glue_7        0x00000000        0x0 linker stubs
 *(.vfp11_veneer)
 .vfp11_veneer  0x00000000        0x0 linker stubs
                0x20002d90                . = ALIGN (0x4)
 *crtbegin.o(.ctors)
 *(EXCLUDE_FILE(*crtend.o) .ctors)
 *(SORT(.ctors.*))
 *crtend.o(.ctors)
 *crtbegin.o(.dtors)
 *(EXCLUDE_FILE(*crtend.o) .dtors)
 *(SORT(.dtors.*))
 *crtend.o(.dtors)
 *(.rodata .rodata.* .gnu.linkonce.r.*)
 .rodata        0x20002d90       0x1c C:/Users/youngben/Documents/cariomart_car/SoftConsole/smartfusionmss_MSS_CM3_0/smartfusionmss_MSS_CM3_0_hw_platform/Debug/CMSIS/startup_gcc/newlib_stubs.o
 .rodata.C.18.2576
                0x20002dac       0x10 C:\Users\youngben\Documents\cariomart_car\SoftConsole\smartfusionmss_MSS_CM3_0\smartfusionmss_MSS_CM3_0_hw_platform\Debug\libsmartfusionmss_MSS_CM3_0_hw_platform.a(system_a2fxxxm3.o)
 .rodata        0x20002dbc        0x4 c:/microsemi/softconsole v3.3/sourcery-g++/bin/../lib/gcc/arm-none-eabi/4.4.1/../../../../arm-none-eabi/lib/thumb2\libc.a(lib_a-impure.o)
                0x20002dbc                _global_impure_ptr
 .rodata.str1.4
                0x20002dc0        0x2 c:/microsemi/softconsole v3.3/sourcery-g++/bin/../lib/gcc/arm-none-eabi/4.4.1/../../../../arm-none-eabi/lib/thumb2\libc.a(lib_a-impure.o)
                                  0x4 (size before relaxing)
 *fill*         0x20002dc2        0x2 00
 .rodata.str1.4
                0x20002dc4        0x4 c:/microsemi/softconsole v3.3/sourcery-g++/bin/../lib/gcc/arm-none-eabi/4.4.1/../../../../arm-none-eabi/lib/thumb2\libc.a(lib_a-puts.o)
 .rodata        0x20002dc8       0x60 c:/microsemi/softconsole v3.3/sourcery-g++/bin/../lib/gcc/arm-none-eabi/4.4.1/../../../../arm-none-eabi/lib/thumb2\libc.a(lib_a-findfp.o)
                0x20002dc8                __sf_fake_stdin
                0x20002de8                __sf_fake_stdout
                0x20002e08                __sf_fake_stderr
 *(.ARM.extab* .gnu.linkonce.armextab.*)
 *(.gcc_except_table)
 *(.eh_frame_hdr)
 *(.eh_frame)
 *(.init)
 .init          0x20002e28        0x4 c:/microsemi/softconsole v3.3/sourcery-g++/bin/../lib/gcc/arm-none-eabi/4.4.1/thumb2/crti.o
                0x20002e28                _init
 .init          0x20002e2c        0x8 c:/microsemi/softconsole v3.3/sourcery-g++/bin/../lib/gcc/arm-none-eabi/4.4.1/thumb2/crtn.o
 *(.fini)
 .fini          0x20002e34        0x4 c:/microsemi/softconsole v3.3/sourcery-g++/bin/../lib/gcc/arm-none-eabi/4.4.1/thumb2/crti.o
                0x20002e34                _fini
 .fini          0x20002e38        0x8 c:/microsemi/softconsole v3.3/sourcery-g++/bin/../lib/gcc/arm-none-eabi/4.4.1/thumb2/crtn.o
                0x20002e40                PROVIDE (__preinit_array_start, .)
 *(.preinit_array)
                0x20002e40                PROVIDE (__preinit_array_end, .)
                0x20002e40                PROVIDE (__init_array_start, .)
 *(SORT(.init_array.*))
 *(.init_array)
 .init_array    0x20002e40        0x4 c:/microsemi/softconsole v3.3/sourcery-g++/bin/../lib/gcc/arm-none-eabi/4.4.1/thumb2/crtbegin.o
                0x20002e44                PROVIDE (__init_array_end, .)
                0x20002e44                PROVIDE (__fini_array_start, .)
 *(.fini_array)
 .fini_array    0x20002e44        0x4 c:/microsemi/softconsole v3.3/sourcery-g++/bin/../lib/gcc/arm-none-eabi/4.4.1/thumb2/crtbegin.o
 *(SORT(.fini_array.*))
                0x20002e48                PROVIDE (__fini_array_end, .)
                0x20002e48                __exidx_start = .

.v4_bx          0x20002e48        0x0
 .v4_bx         0x00000000        0x0 linker stubs

.ARM.exidx
 *(.ARM.exidx* .gnu.linkonce.armexidx.*)
                0x20002e48                __exidx_end = .
                0x20002e48                _etext = .
                0x20002e48                PROVIDE (__text_end, .)

.data           0x20002e48      0x520
                0x20002e48                __data_load = LOADADDR (.data)
                0x20002e48                _sidata = LOADADDR (.data)
                0x20002e48                __data_start = .
                0x20002e48                _sdata = .
 *(.jcr)
 .jcr           0x20002e48        0x0 c:/microsemi/softconsole v3.3/sourcery-g++/bin/../lib/gcc/arm-none-eabi/4.4.1/thumb2/crtbegin.o
 .jcr           0x20002e48        0x4 c:/microsemi/softconsole v3.3/sourcery-g++/bin/../lib/gcc/arm-none-eabi/4.4.1/thumb2/crtend.o
 *(.got.plt)
 *(.got)
 *(.shdata)
 *(.data .data.* .gnu.linkonce.d.*)
 .data.SystemFrequency
                0x20002e4c        0x4 C:\Users\youngben\Documents\cariomart_car\SoftConsole\smartfusionmss_MSS_CM3_0\smartfusionmss_MSS_CM3_0_hw_platform\Debug\libsmartfusionmss_MSS_CM3_0_hw_platform.a(system_a2fxxxm3.o)
                0x20002e4c                SystemFrequency
 .data.SystemCoreClock
                0x20002e50        0x4 C:\Users\youngben\Documents\cariomart_car\SoftConsole\smartfusionmss_MSS_CM3_0\smartfusionmss_MSS_CM3_0_hw_platform\Debug\libsmartfusionmss_MSS_CM3_0_hw_platform.a(system_a2fxxxm3.o)
                0x20002e50                SystemCoreClock
 .data.g_FrequencyPCLK0
                0x20002e54        0x4 C:\Users\youngben\Documents\cariomart_car\SoftConsole\smartfusionmss_MSS_CM3_0\smartfusionmss_MSS_CM3_0_hw_platform\Debug\libsmartfusionmss_MSS_CM3_0_hw_platform.a(system_a2fxxxm3.o)
                0x20002e54                g_FrequencyPCLK0
 .data.g_FrequencyPCLK1
                0x20002e58        0x4 C:\Users\youngben\Documents\cariomart_car\SoftConsole\smartfusionmss_MSS_CM3_0\smartfusionmss_MSS_CM3_0_hw_platform\Debug\libsmartfusionmss_MSS_CM3_0_hw_platform.a(system_a2fxxxm3.o)
                0x20002e58                g_FrequencyPCLK1
 .data.g_FrequencyACE
                0x20002e5c        0x4 C:\Users\youngben\Documents\cariomart_car\SoftConsole\smartfusionmss_MSS_CM3_0\smartfusionmss_MSS_CM3_0_hw_platform\Debug\libsmartfusionmss_MSS_CM3_0_hw_platform.a(system_a2fxxxm3.o)
                0x20002e5c                g_FrequencyACE
 .data.g_FrequencyFPGA
                0x20002e60        0x4 C:\Users\youngben\Documents\cariomart_car\SoftConsole\smartfusionmss_MSS_CM3_0\smartfusionmss_MSS_CM3_0_hw_platform\Debug\libsmartfusionmss_MSS_CM3_0_hw_platform.a(system_a2fxxxm3.o)
                0x20002e60                g_FrequencyFPGA
 .data          0x20002e64       0xf4 c:/microsemi/softconsole v3.3/sourcery-g++/bin/../lib/gcc/arm-none-eabi/4.4.1/../../../../arm-none-eabi/lib/thumb2\libc.a(lib_a-impure.o)
                0x20002e64                _impure_ptr
 .data          0x20002f58      0x410 c:/microsemi/softconsole v3.3/sourcery-g++/bin/../lib/gcc/arm-none-eabi/4.4.1/../../../../arm-none-eabi/lib/thumb2\libc.a(lib_a-mallocr.o)
                0x20002f58                __malloc_av_
                0x20003360                __malloc_sbrk_base
                0x20003364                __malloc_trim_threshold
                0x20003368                . = ALIGN (0x4)
                0x20003368                _edata = .

.bss            0x20003368       0x98
                0x20003368                __bss_start__ = .
                0x20003368                _sbss = .
 *(.shbss)
 *(.bss .bss.* .gnu.linkonce.b.*)
 .bss           0x20003368        0x1 c:/microsemi/softconsole v3.3/sourcery-g++/bin/../lib/gcc/arm-none-eabi/4.4.1/thumb2/crtbegin.o
 *fill*         0x20003369        0x3 00
 .bss.g_stdio_uart_init_done
                0x2000336c        0x4 C:/Users/youngben/Documents/cariomart_car/SoftConsole/smartfusionmss_MSS_CM3_0/smartfusionmss_MSS_CM3_0_hw_platform/Debug/CMSIS/startup_gcc/newlib_stubs.o
 .bss.heap_end.3594
                0x20003370        0x4 C:/Users/youngben/Documents/cariomart_car/SoftConsole/smartfusionmss_MSS_CM3_0/smartfusionmss_MSS_CM3_0_hw_platform/Debug/CMSIS/startup_gcc/newlib_stubs.o
 .bss           0x20003374       0x34 c:/microsemi/softconsole v3.3/sourcery-g++/bin/../lib/gcc/arm-none-eabi/4.4.1/../../../../arm-none-eabi/lib/thumb2\libc.a(lib_a-mallocr.o)
                0x20003374                __malloc_top_pad
                0x20003378                __malloc_current_mallinfo
                0x200033a0                __malloc_max_sbrked_mem
                0x200033a4                __malloc_max_total_mem
 *(COMMON)
 COMMON         0x200033a8       0x50 C:\Users\youngben\Documents\cariomart_car\SoftConsole\smartfusionmss_MSS_CM3_0\smartfusionmss_MSS_CM3_0_hw_platform\Debug\libsmartfusionmss_MSS_CM3_0_hw_platform.a(mss_uart.o)
                0x200033a8                g_mss_uart1
                0x200033d0                g_mss_uart0
 COMMON         0x200033f8        0x4 c:/microsemi/softconsole v3.3/sourcery-g++/bin/../lib/gcc/arm-none-eabi/4.4.1/../../../../arm-none-eabi/lib/thumb2\libc.a(lib_a-reent.o)
                0x200033f8                errno
                0x20003400                . = ALIGN (0x8)
 *fill*         0x200033fc        0x4 00
                0x20003400                __bss_end__ = .
                0x20003400                _end = .
                0x20003400                __end = _end
                0x20003400                _ebss = .
                0x20003400                PROVIDE (end, .)

.stack          0x20003400     0x3000
                0x20003400                . = ALIGN (0x4)
                0x20004400                . = (. + PROCESS_STACK_SIZE)
 *fill*         0x20003400     0x1000 00
                0x20004400                . = ALIGN (0x4)
                0x20006400                . = (. + MAIN_STACK_SIZE)
 *fill*         0x20004400     0x2000 00
                0x20006400                . = ALIGN (0x4)

.stab
 *(.stab)

.stabstr
 *(.stabstr)

.debug
 *(.debug)

.line
 *(.line)

.debug_srcinfo
 *(.debug_srcinfo)

.debug_sfnames
 *(.debug_sfnames)

.comment        0x00000000      0x102
 .comment       0x00000000       0x2b ./CarControl.o
 .comment       0x0000002b       0x2b ./main.o
 .comment       0x00000056       0x2b ./xbee.o
 .comment       0x00000081       0x2b C:/Users/youngben/Documents/cariomart_car/SoftConsole/smartfusionmss_MSS_CM3_0/smartfusionmss_MSS_CM3_0_hw_platform/Debug/CMSIS/startup_gcc/newlib_stubs.o
 .comment       0x000000ac       0x2b C:\Users\youngben\Documents\cariomart_car\SoftConsole\smartfusionmss_MSS_CM3_0\smartfusionmss_MSS_CM3_0_hw_platform\Debug\libsmartfusionmss_MSS_CM3_0_hw_platform.a(mss_uart.o)
 .comment       0x000000d7       0x2b C:\Users\youngben\Documents\cariomart_car\SoftConsole\smartfusionmss_MSS_CM3_0\smartfusionmss_MSS_CM3_0_hw_platform\Debug\libsmartfusionmss_MSS_CM3_0_hw_platform.a(system_a2fxxxm3.o)

.debug_aranges  0x00000000      0x240
 *(.debug_aranges)
 .debug_aranges
                0x00000000       0x48 ./CarControl.o
 .debug_aranges
                0x00000048       0x20 ./main.o
 .debug_aranges
                0x00000068       0x28 ./xbee.o
 .debug_aranges
                0x00000090       0xa8 C:/Users/youngben/Documents/cariomart_car/SoftConsole/smartfusionmss_MSS_CM3_0/smartfusionmss_MSS_CM3_0_hw_platform/Debug/CMSIS/startup_gcc/newlib_stubs.o
 .debug_aranges
                0x00000138       0xd8 C:\Users\youngben\Documents\cariomart_car\SoftConsole\smartfusionmss_MSS_CM3_0\smartfusionmss_MSS_CM3_0_hw_platform\Debug\libsmartfusionmss_MSS_CM3_0_hw_platform.a(mss_uart.o)
 .debug_aranges
                0x00000210       0x30 C:\Users\youngben\Documents\cariomart_car\SoftConsole\smartfusionmss_MSS_CM3_0\smartfusionmss_MSS_CM3_0_hw_platform\Debug\libsmartfusionmss_MSS_CM3_0_hw_platform.a(system_a2fxxxm3.o)

.debug_pubnames
                0x00000000      0x523
 *(.debug_pubnames)
 .debug_pubnames
                0x00000000       0x9b ./CarControl.o
 .debug_pubnames
                0x0000009b       0x4f ./main.o
 .debug_pubnames
                0x000000ea       0x7e ./xbee.o
 .debug_pubnames
                0x00000168       0xeb C:/Users/youngben/Documents/cariomart_car/SoftConsole/smartfusionmss_MSS_CM3_0/smartfusionmss_MSS_CM3_0_hw_platform/Debug/CMSIS/startup_gcc/newlib_stubs.o
 .debug_pubnames
                0x00000253      0x21c C:\Users\youngben\Documents\cariomart_car\SoftConsole\smartfusionmss_MSS_CM3_0\smartfusionmss_MSS_CM3_0_hw_platform\Debug\libsmartfusionmss_MSS_CM3_0_hw_platform.a(mss_uart.o)
 .debug_pubnames
                0x0000046f       0xb4 C:\Users\youngben\Documents\cariomart_car\SoftConsole\smartfusionmss_MSS_CM3_0\smartfusionmss_MSS_CM3_0_hw_platform\Debug\libsmartfusionmss_MSS_CM3_0_hw_platform.a(system_a2fxxxm3.o)

.debug_info     0x00000000     0x39ae
 *(.debug_info .gnu.linkonce.wi.*)
 .debug_info    0x00000000      0x11f ./CarControl.o
 .debug_info    0x0000011f       0xfa ./main.o
 .debug_info    0x00000219      0xbc5 ./xbee.o
 .debug_info    0x00000dde     0x10f0 C:/Users/youngben/Documents/cariomart_car/SoftConsole/smartfusionmss_MSS_CM3_0/smartfusionmss_MSS_CM3_0_hw_platform/Debug/CMSIS/startup_gcc/newlib_stubs.o
 .debug_info    0x00001ece     0x15a4 C:\Users\youngben\Documents\cariomart_car\SoftConsole\smartfusionmss_MSS_CM3_0\smartfusionmss_MSS_CM3_0_hw_platform\Debug\libsmartfusionmss_MSS_CM3_0_hw_platform.a(mss_uart.o)
 .debug_info    0x00003472      0x53c C:\Users\youngben\Documents\cariomart_car\SoftConsole\smartfusionmss_MSS_CM3_0\smartfusionmss_MSS_CM3_0_hw_platform\Debug\libsmartfusionmss_MSS_CM3_0_hw_platform.a(system_a2fxxxm3.o)

.debug_abbrev   0x00000000      0x81b
 *(.debug_abbrev)
 .debug_abbrev  0x00000000       0x8b ./CarControl.o
 .debug_abbrev  0x0000008b       0x94 ./main.o
 .debug_abbrev  0x0000011f      0x1b2 ./xbee.o
 .debug_abbrev  0x000002d1      0x1f4 C:/Users/youngben/Documents/cariomart_car/SoftConsole/smartfusionmss_MSS_CM3_0/smartfusionmss_MSS_CM3_0_hw_platform/Debug/CMSIS/startup_gcc/newlib_stubs.o
 .debug_abbrev  0x000004c5      0x245 C:\Users\youngben\Documents\cariomart_car\SoftConsole\smartfusionmss_MSS_CM3_0\smartfusionmss_MSS_CM3_0_hw_platform\Debug\libsmartfusionmss_MSS_CM3_0_hw_platform.a(mss_uart.o)
 .debug_abbrev  0x0000070a      0x111 C:\Users\youngben\Documents\cariomart_car\SoftConsole\smartfusionmss_MSS_CM3_0\smartfusionmss_MSS_CM3_0_hw_platform\Debug\libsmartfusionmss_MSS_CM3_0_hw_platform.a(system_a2fxxxm3.o)

.debug_line     0x00000000     0x17c9
 *(.debug_line)
 .debug_line    0x00000000      0x224 ./CarControl.o
 .debug_line    0x00000224      0x460 ./main.o
 .debug_line    0x00000684      0x44c ./xbee.o
 .debug_line    0x00000ad0      0x509 C:/Users/youngben/Documents/cariomart_car/SoftConsole/smartfusionmss_MSS_CM3_0/smartfusionmss_MSS_CM3_0_hw_platform/Debug/CMSIS/startup_gcc/newlib_stubs.o
 .debug_line    0x00000fd9      0x575 C:\Users\youngben\Documents\cariomart_car\SoftConsole\smartfusionmss_MSS_CM3_0\smartfusionmss_MSS_CM3_0_hw_platform\Debug\libsmartfusionmss_MSS_CM3_0_hw_platform.a(mss_uart.o)
 .debug_line    0x0000154e      0x27b C:\Users\youngben\Documents\cariomart_car\SoftConsole\smartfusionmss_MSS_CM3_0\smartfusionmss_MSS_CM3_0_hw_platform\Debug\libsmartfusionmss_MSS_CM3_0_hw_platform.a(system_a2fxxxm3.o)

.debug_frame    0x00000000      0xd40
 *(.debug_frame)
 .debug_frame   0x00000000       0xa8 ./CarControl.o
 .debug_frame   0x000000a8       0x2c ./main.o
 .debug_frame   0x000000d4       0x4c ./xbee.o
 .debug_frame   0x00000120      0x220 C:/Users/youngben/Documents/cariomart_car/SoftConsole/smartfusionmss_MSS_CM3_0/smartfusionmss_MSS_CM3_0_hw_platform/Debug/CMSIS/startup_gcc/newlib_stubs.o
 .debug_frame   0x00000340      0x2e4 C:\Users\youngben\Documents\cariomart_car\SoftConsole\smartfusionmss_MSS_CM3_0\smartfusionmss_MSS_CM3_0_hw_platform\Debug\libsmartfusionmss_MSS_CM3_0_hw_platform.a(mss_uart.o)
 .debug_frame   0x00000624       0x64 C:\Users\youngben\Documents\cariomart_car\SoftConsole\smartfusionmss_MSS_CM3_0\smartfusionmss_MSS_CM3_0_hw_platform\Debug\libsmartfusionmss_MSS_CM3_0_hw_platform.a(system_a2fxxxm3.o)
 .debug_frame   0x00000688       0x20 c:/microsemi/softconsole v3.3/sourcery-g++/bin/../lib/gcc/arm-none-eabi/4.4.1/../../../../arm-none-eabi/lib/thumb2\libc.a(lib_a-errno.o)
 .debug_frame   0x000006a8       0x2c c:/microsemi/softconsole v3.3/sourcery-g++/bin/../lib/gcc/arm-none-eabi/4.4.1/../../../../arm-none-eabi/lib/thumb2\libc.a(lib_a-init.o)
 .debug_frame   0x000006d4       0x40 c:/microsemi/softconsole v3.3/sourcery-g++/bin/../lib/gcc/arm-none-eabi/4.4.1/../../../../arm-none-eabi/lib/thumb2\libc.a(lib_a-puts.o)
 .debug_frame   0x00000714       0x20 c:/microsemi/softconsole v3.3/sourcery-g++/bin/../lib/gcc/arm-none-eabi/4.4.1/../../../../arm-none-eabi/lib/thumb2\libc.a(lib_a-strlen.o)
 .debug_frame   0x00000734      0x11c c:/microsemi/softconsole v3.3/sourcery-g++/bin/../lib/gcc/arm-none-eabi/4.4.1/../../../../arm-none-eabi/lib/thumb2\libc.a(lib_a-findfp.o)
 .debug_frame   0x00000850       0x3c c:/microsemi/softconsole v3.3/sourcery-g++/bin/../lib/gcc/arm-none-eabi/4.4.1/../../../../arm-none-eabi/lib/thumb2\libc.a(lib_a-fvwrite.o)
 .debug_frame   0x0000088c       0x54 c:/microsemi/softconsole v3.3/sourcery-g++/bin/../lib/gcc/arm-none-eabi/4.4.1/../../../../arm-none-eabi/lib/thumb2\libc.a(lib_a-fwalk.o)
 .debug_frame   0x000008e0       0x3c c:/microsemi/softconsole v3.3/sourcery-g++/bin/../lib/gcc/arm-none-eabi/4.4.1/../../../../arm-none-eabi/lib/thumb2\libc.a(lib_a-mallocr.o)
 .debug_frame   0x0000091c       0x28 c:/microsemi/softconsole v3.3/sourcery-g++/bin/../lib/gcc/arm-none-eabi/4.4.1/../../../../arm-none-eabi/lib/thumb2\libc.a(lib_a-memchr.o)
 .debug_frame   0x00000944       0x34 c:/microsemi/softconsole v3.3/sourcery-g++/bin/../lib/gcc/arm-none-eabi/4.4.1/../../../../arm-none-eabi/lib/thumb2\libc.a(lib_a-memcpy.o)
 .debug_frame   0x00000978       0x2c c:/microsemi/softconsole v3.3/sourcery-g++/bin/../lib/gcc/arm-none-eabi/4.4.1/../../../../arm-none-eabi/lib/thumb2\libc.a(lib_a-memmove.o)
 .debug_frame   0x000009a4       0x28 c:/microsemi/softconsole v3.3/sourcery-g++/bin/../lib/gcc/arm-none-eabi/4.4.1/../../../../arm-none-eabi/lib/thumb2\libc.a(lib_a-memset.o)
 .debug_frame   0x000009cc       0x30 c:/microsemi/softconsole v3.3/sourcery-g++/bin/../lib/gcc/arm-none-eabi/4.4.1/../../../../arm-none-eabi/lib/thumb2\libc.a(lib_a-mlock.o)
 .debug_frame   0x000009fc       0x3c c:/microsemi/softconsole v3.3/sourcery-g++/bin/../lib/gcc/arm-none-eabi/4.4.1/../../../../arm-none-eabi/lib/thumb2\libc.a(lib_a-reallocr.o)
 .debug_frame   0x00000a38       0x2c c:/microsemi/softconsole v3.3/sourcery-g++/bin/../lib/gcc/arm-none-eabi/4.4.1/../../../../arm-none-eabi/lib/thumb2\libc.a(lib_a-sbrkr.o)
 .debug_frame   0x00000a64       0x70 c:/microsemi/softconsole v3.3/sourcery-g++/bin/../lib/gcc/arm-none-eabi/4.4.1/../../../../arm-none-eabi/lib/thumb2\libc.a(lib_a-stdio.o)
 .debug_frame   0x00000ad4       0x2c c:/microsemi/softconsole v3.3/sourcery-g++/bin/../lib/gcc/arm-none-eabi/4.4.1/../../../../arm-none-eabi/lib/thumb2\libc.a(lib_a-wsetup.o)
 .debug_frame   0x00000b00       0x2c c:/microsemi/softconsole v3.3/sourcery-g++/bin/../lib/gcc/arm-none-eabi/4.4.1/../../../../arm-none-eabi/lib/thumb2\libc.a(lib_a-closer.o)
 .debug_frame   0x00000b2c       0x3c c:/microsemi/softconsole v3.3/sourcery-g++/bin/../lib/gcc/arm-none-eabi/4.4.1/../../../../arm-none-eabi/lib/thumb2\libc.a(lib_a-fclose.o)
 .debug_frame   0x00000b68       0x40 c:/microsemi/softconsole v3.3/sourcery-g++/bin/../lib/gcc/arm-none-eabi/4.4.1/../../../../arm-none-eabi/lib/thumb2\libc.a(lib_a-fflush.o)
 .debug_frame   0x00000ba8       0x50 c:/microsemi/softconsole v3.3/sourcery-g++/bin/../lib/gcc/arm-none-eabi/4.4.1/../../../../arm-none-eabi/lib/thumb2\libc.a(lib_a-freer.o)
 .debug_frame   0x00000bf8       0x2c c:/microsemi/softconsole v3.3/sourcery-g++/bin/../lib/gcc/arm-none-eabi/4.4.1/../../../../arm-none-eabi/lib/thumb2\libc.a(lib_a-lseekr.o)
 .debug_frame   0x00000c24       0x34 c:/microsemi/softconsole v3.3/sourcery-g++/bin/../lib/gcc/arm-none-eabi/4.4.1/../../../../arm-none-eabi/lib/thumb2\libc.a(lib_a-makebuf.o)
 .debug_frame   0x00000c58       0x2c c:/microsemi/softconsole v3.3/sourcery-g++/bin/../lib/gcc/arm-none-eabi/4.4.1/../../../../arm-none-eabi/lib/thumb2\libc.a(lib_a-readr.o)
 .debug_frame   0x00000c84       0x64 c:/microsemi/softconsole v3.3/sourcery-g++/bin/../lib/gcc/arm-none-eabi/4.4.1/../../../../arm-none-eabi/lib/thumb2\libc.a(lib_a-reent.o)
 .debug_frame   0x00000ce8       0x2c c:/microsemi/softconsole v3.3/sourcery-g++/bin/../lib/gcc/arm-none-eabi/4.4.1/../../../../arm-none-eabi/lib/thumb2\libc.a(lib_a-fstatr.o)
 .debug_frame   0x00000d14       0x2c c:/microsemi/softconsole v3.3/sourcery-g++/bin/../lib/gcc/arm-none-eabi/4.4.1/../../../../arm-none-eabi/lib/thumb2\libc.a(lib_a-isattyr.o)

.debug_str      0x00000000     0x18b1
 *(.debug_str)
 .debug_str     0x00000000      0x15e ./CarControl.o
                                0x192 (size before relaxing)
 .debug_str     0x0000015e       0x47 ./main.o
                                0x153 (size before relaxing)
 .debug_str     0x000001a5      0xe2b ./xbee.o
                                0xfae (size before relaxing)
 .debug_str     0x00000fd0      0x28c C:/Users/youngben/Documents/cariomart_car/SoftConsole/smartfusionmss_MSS_CM3_0/smartfusionmss_MSS_CM3_0_hw_platform/Debug/CMSIS/startup_gcc/newlib_stubs.o
                               0x10ba (size before relaxing)
 .debug_str     0x0000125c      0x55e C:\Users\youngben\Documents\cariomart_car\SoftConsole\smartfusionmss_MSS_CM3_0\smartfusionmss_MSS_CM3_0_hw_platform\Debug\libsmartfusionmss_MSS_CM3_0_hw_platform.a(mss_uart.o)
                               0x14cb (size before relaxing)
 .debug_str     0x000017ba       0xf7 C:\Users\youngben\Documents\cariomart_car\SoftConsole\smartfusionmss_MSS_CM3_0\smartfusionmss_MSS_CM3_0_hw_platform\Debug\libsmartfusionmss_MSS_CM3_0_hw_platform.a(system_a2fxxxm3.o)
                                0x46e (size before relaxing)

.debug_loc      0x00000000      0xb18
 *(.debug_loc)
 .debug_loc     0x00000000      0x11a ./CarControl.o
 .debug_loc     0x0000011a       0x2b ./main.o
 .debug_loc     0x00000145       0x64 ./xbee.o
 .debug_loc     0x000001a9      0x3c6 C:/Users/youngben/Documents/cariomart_car/SoftConsole/smartfusionmss_MSS_CM3_0/smartfusionmss_MSS_CM3_0_hw_platform/Debug/CMSIS/startup_gcc/newlib_stubs.o
 .debug_loc     0x0000056f      0x510 C:\Users\youngben\Documents\cariomart_car\SoftConsole\smartfusionmss_MSS_CM3_0\smartfusionmss_MSS_CM3_0_hw_platform\Debug\libsmartfusionmss_MSS_CM3_0_hw_platform.a(mss_uart.o)
 .debug_loc     0x00000a7f       0x99 C:\Users\youngben\Documents\cariomart_car\SoftConsole\smartfusionmss_MSS_CM3_0\smartfusionmss_MSS_CM3_0_hw_platform\Debug\libsmartfusionmss_MSS_CM3_0_hw_platform.a(system_a2fxxxm3.o)

.debug_macinfo  0x00000000    0x2a834
 *(.debug_macinfo)
 .debug_macinfo
                0x00000000     0x2613 ./CarControl.o
 .debug_macinfo
                0x00002613     0x9572 ./main.o
 .debug_macinfo
                0x0000bb85     0x94cd ./xbee.o
 .debug_macinfo
                0x00015052     0x9965 C:/Users/youngben/Documents/cariomart_car/SoftConsole/smartfusionmss_MSS_CM3_0/smartfusionmss_MSS_CM3_0_hw_platform/Debug/CMSIS/startup_gcc/newlib_stubs.o
 .debug_macinfo
                0x0001e9b7     0x63e4 C:\Users\youngben\Documents\cariomart_car\SoftConsole\smartfusionmss_MSS_CM3_0\smartfusionmss_MSS_CM3_0_hw_platform\Debug\libsmartfusionmss_MSS_CM3_0_hw_platform.a(mss_uart.o)
 .debug_macinfo
                0x00024d9b     0x5a99 C:\Users\youngben\Documents\cariomart_car\SoftConsole\smartfusionmss_MSS_CM3_0\smartfusionmss_MSS_CM3_0_hw_platform\Debug\libsmartfusionmss_MSS_CM3_0_hw_platform.a(system_a2fxxxm3.o)

.debug_weaknames
 *(.debug_weaknames)

.debug_funcnames
 *(.debug_funcnames)

.debug_typenames
 *(.debug_typenames)

.debug_varnames
 *(.debug_varnames)

.note.gnu.arm.ident
 *(.note.gnu.arm.ident)

.ARM.attributes
                0x00000000       0x25
 *(.ARM.attributes)
 .ARM.attributes
                0x00000000       0x19 c:/microsemi/softconsole v3.3/sourcery-g++/bin/../lib/gcc/arm-none-eabi/4.4.1/thumb2/crti.o
 .ARM.attributes
                0x00000019       0x29 c:/microsemi/softconsole v3.3/sourcery-g++/bin/../lib/gcc/arm-none-eabi/4.4.1/thumb2/crtbegin.o
 .ARM.attributes
                0x00000042       0x31 ./CarControl.o
 .ARM.attributes
                0x00000073       0x31 ./main.o
 .ARM.attributes
                0x000000a4       0x31 ./xbee.o
 .ARM.attributes
                0x000000d5       0x21 C:/Users/youngben/Documents/cariomart_car/SoftConsole/smartfusionmss_MSS_CM3_0/smartfusionmss_MSS_CM3_0_hw_platform/Debug/CMSIS/startup_gcc/startup_a2fxxxm3.o
 .ARM.attributes
                0x000000f6       0x31 C:/Users/youngben/Documents/cariomart_car/SoftConsole/smartfusionmss_MSS_CM3_0/smartfusionmss_MSS_CM3_0_hw_platform/Debug/CMSIS/startup_gcc/newlib_stubs.o
 .ARM.attributes
                0x00000127       0x31 C:\Users\youngben\Documents\cariomart_car\SoftConsole\smartfusionmss_MSS_CM3_0\smartfusionmss_MSS_CM3_0_hw_platform\Debug\libsmartfusionmss_MSS_CM3_0_hw_platform.a(mss_uart.o)
 .ARM.attributes
                0x00000158       0x31 C:\Users\youngben\Documents\cariomart_car\SoftConsole\smartfusionmss_MSS_CM3_0\smartfusionmss_MSS_CM3_0_hw_platform\Debug\libsmartfusionmss_MSS_CM3_0_hw_platform.a(system_a2fxxxm3.o)
 .ARM.attributes
                0x00000189       0x29 c:/microsemi/softconsole v3.3/sourcery-g++/bin/../lib/gcc/arm-none-eabi/4.4.1/../../../../arm-none-eabi/lib/thumb2\libc.a(lib_a-errno.o)
 .ARM.attributes
                0x000001b2       0x29 c:/microsemi/softconsole v3.3/sourcery-g++/bin/../lib/gcc/arm-none-eabi/4.4.1/../../../../arm-none-eabi/lib/thumb2\libc.a(lib_a-impure.o)
 .ARM.attributes
                0x000001db       0x29 c:/microsemi/softconsole v3.3/sourcery-g++/bin/../lib/gcc/arm-none-eabi/4.4.1/../../../../arm-none-eabi/lib/thumb2\libc.a(lib_a-init.o)
 .ARM.attributes
                0x00000204       0x29 c:/microsemi/softconsole v3.3/sourcery-g++/bin/../lib/gcc/arm-none-eabi/4.4.1/../../../../arm-none-eabi/lib/thumb2\libc.a(lib_a-puts.o)
 .ARM.attributes
                0x0000022d       0x29 c:/microsemi/softconsole v3.3/sourcery-g++/bin/../lib/gcc/arm-none-eabi/4.4.1/../../../../arm-none-eabi/lib/thumb2\libc.a(lib_a-strlen.o)
 .ARM.attributes
                0x00000256       0x29 c:/microsemi/softconsole v3.3/sourcery-g++/bin/../lib/gcc/arm-none-eabi/4.4.1/../../../../arm-none-eabi/lib/thumb2\libc.a(lib_a-findfp.o)
 .ARM.attributes
                0x0000027f       0x29 c:/microsemi/softconsole v3.3/sourcery-g++/bin/../lib/gcc/arm-none-eabi/4.4.1/../../../../arm-none-eabi/lib/thumb2\libc.a(lib_a-fvwrite.o)
 .ARM.attributes
                0x000002a8       0x29 c:/microsemi/softconsole v3.3/sourcery-g++/bin/../lib/gcc/arm-none-eabi/4.4.1/../../../../arm-none-eabi/lib/thumb2\libc.a(lib_a-fwalk.o)
 .ARM.attributes
                0x000002d1       0x29 c:/microsemi/softconsole v3.3/sourcery-g++/bin/../lib/gcc/arm-none-eabi/4.4.1/../../../../arm-none-eabi/lib/thumb2\libc.a(lib_a-mallocr.o)
 .ARM.attributes
                0x000002fa       0x29 c:/microsemi/softconsole v3.3/sourcery-g++/bin/../lib/gcc/arm-none-eabi/4.4.1/../../../../arm-none-eabi/lib/thumb2\libc.a(lib_a-memchr.o)
 .ARM.attributes
                0x00000323       0x29 c:/microsemi/softconsole v3.3/sourcery-g++/bin/../lib/gcc/arm-none-eabi/4.4.1/../../../../arm-none-eabi/lib/thumb2\libc.a(lib_a-memcpy.o)
 .ARM.attributes
                0x0000034c       0x29 c:/microsemi/softconsole v3.3/sourcery-g++/bin/../lib/gcc/arm-none-eabi/4.4.1/../../../../arm-none-eabi/lib/thumb2\libc.a(lib_a-memmove.o)
 .ARM.attributes
                0x00000375       0x29 c:/microsemi/softconsole v3.3/sourcery-g++/bin/../lib/gcc/arm-none-eabi/4.4.1/../../../../arm-none-eabi/lib/thumb2\libc.a(lib_a-memset.o)
 .ARM.attributes
                0x0000039e       0x29 c:/microsemi/softconsole v3.3/sourcery-g++/bin/../lib/gcc/arm-none-eabi/4.4.1/../../../../arm-none-eabi/lib/thumb2\libc.a(lib_a-mlock.o)
 .ARM.attributes
                0x000003c7       0x29 c:/microsemi/softconsole v3.3/sourcery-g++/bin/../lib/gcc/arm-none-eabi/4.4.1/../../../../arm-none-eabi/lib/thumb2\libc.a(lib_a-reallocr.o)
 .ARM.attributes
                0x000003f0       0x29 c:/microsemi/softconsole v3.3/sourcery-g++/bin/../lib/gcc/arm-none-eabi/4.4.1/../../../../arm-none-eabi/lib/thumb2\libc.a(lib_a-sbrkr.o)
 .ARM.attributes
                0x00000419       0x29 c:/microsemi/softconsole v3.3/sourcery-g++/bin/../lib/gcc/arm-none-eabi/4.4.1/../../../../arm-none-eabi/lib/thumb2\libc.a(lib_a-stdio.o)
 .ARM.attributes
                0x00000442       0x29 c:/microsemi/softconsole v3.3/sourcery-g++/bin/../lib/gcc/arm-none-eabi/4.4.1/../../../../arm-none-eabi/lib/thumb2\libc.a(lib_a-wsetup.o)
 .ARM.attributes
                0x0000046b       0x29 c:/microsemi/softconsole v3.3/sourcery-g++/bin/../lib/gcc/arm-none-eabi/4.4.1/../../../../arm-none-eabi/lib/thumb2\libc.a(lib_a-closer.o)
 .ARM.attributes
                0x00000494       0x29 c:/microsemi/softconsole v3.3/sourcery-g++/bin/../lib/gcc/arm-none-eabi/4.4.1/../../../../arm-none-eabi/lib/thumb2\libc.a(lib_a-fclose.o)
 .ARM.attributes
                0x000004bd       0x29 c:/microsemi/softconsole v3.3/sourcery-g++/bin/../lib/gcc/arm-none-eabi/4.4.1/../../../../arm-none-eabi/lib/thumb2\libc.a(lib_a-fflush.o)
 .ARM.attributes
                0x000004e6       0x29 c:/microsemi/softconsole v3.3/sourcery-g++/bin/../lib/gcc/arm-none-eabi/4.4.1/../../../../arm-none-eabi/lib/thumb2\libc.a(lib_a-freer.o)
 .ARM.attributes
                0x0000050f       0x29 c:/microsemi/softconsole v3.3/sourcery-g++/bin/../lib/gcc/arm-none-eabi/4.4.1/../../../../arm-none-eabi/lib/thumb2\libc.a(lib_a-lseekr.o)
 .ARM.attributes
                0x00000538       0x29 c:/microsemi/softconsole v3.3/sourcery-g++/bin/../lib/gcc/arm-none-eabi/4.4.1/../../../../arm-none-eabi/lib/thumb2\libc.a(lib_a-makebuf.o)
 .ARM.attributes
                0x00000561       0x29 c:/microsemi/softconsole v3.3/sourcery-g++/bin/../lib/gcc/arm-none-eabi/4.4.1/../../../../arm-none-eabi/lib/thumb2\libc.a(lib_a-readr.o)
 .ARM.attributes
                0x0000058a       0x29 c:/microsemi/softconsole v3.3/sourcery-g++/bin/../lib/gcc/arm-none-eabi/4.4.1/../../../../arm-none-eabi/lib/thumb2\libc.a(lib_a-reent.o)
 .ARM.attributes
                0x000005b3       0x29 c:/microsemi/softconsole v3.3/sourcery-g++/bin/../lib/gcc/arm-none-eabi/4.4.1/../../../../arm-none-eabi/lib/thumb2\libc.a(lib_a-fstatr.o)
 .ARM.attributes
                0x000005dc       0x29 c:/microsemi/softconsole v3.3/sourcery-g++/bin/../lib/gcc/arm-none-eabi/4.4.1/../../../../arm-none-eabi/lib/thumb2\libc.a(lib_a-isattyr.o)
 .ARM.attributes
                0x00000605       0x29 c:/microsemi/softconsole v3.3/sourcery-g++/bin/../lib/gcc/arm-none-eabi/4.4.1/thumb2/crtend.o
 .ARM.attributes
                0x0000062e       0x19 c:/microsemi/softconsole v3.3/sourcery-g++/bin/../lib/gcc/arm-none-eabi/4.4.1/thumb2/crtn.o

/DISCARD/
 *(.note.GNU-stack)
 *(.isr_vector)
OUTPUT(smartfusionmss_MSS_CM3_0_app elf32-littlearm)

.debug_ranges   0x00000000      0x210
 .debug_ranges  0x00000000       0x40 ./CarControl.o
 .debug_ranges  0x00000040       0x18 ./main.o
 .debug_ranges  0x00000058       0x20 ./xbee.o
 .debug_ranges  0x00000078       0xa0 C:/Users/youngben/Documents/cariomart_car/SoftConsole/smartfusionmss_MSS_CM3_0/smartfusionmss_MSS_CM3_0_hw_platform/Debug/CMSIS/startup_gcc/newlib_stubs.o
 .debug_ranges  0x00000118       0xd0 C:\Users\youngben\Documents\cariomart_car\SoftConsole\smartfusionmss_MSS_CM3_0\smartfusionmss_MSS_CM3_0_hw_platform\Debug\libsmartfusionmss_MSS_CM3_0_hw_platform.a(mss_uart.o)
 .debug_ranges  0x000001e8       0x28 C:\Users\youngben\Documents\cariomart_car\SoftConsole\smartfusionmss_MSS_CM3_0\smartfusionmss_MSS_CM3_0_hw_platform\Debug\libsmartfusionmss_MSS_CM3_0_hw_platform.a(system_a2fxxxm3.o)
